../Core/Src/main.c:75:6:UART_Printf	272	static
../Core/Src/main.c:84:6:init	1736	static
../Core/Src/main.c:211:6:loop	8	static
../Core/Src/main.c:220:5:main	8	static
../Core/Src/main.c:273:6:SystemClock_Config	96	static
../Core/Src/main.c:323:13:MX_ADC1_Init	48	static
../Core/Src/main.c:390:13:MX_I2C1_Init	8	static
../Core/Src/main.c:438:13:MX_OPAMP1_Init	8	static
../Core/Src/main.c:469:13:MX_SPI1_Init	8	static
../Core/Src/main.c:509:13:MX_USART2_UART_Init	8	static
../Core/Src/main.c:544:13:MX_GPIO_Init	40	static
../Core/Src/main.c:618:6:Error_Handler	4	static,ignoring_inline_asm
