../Core/Src/sdcard.c:5:13:SDCARD_Select	8	static
../Core/Src/sdcard.c:9:6:SDCARD_Unselect	8	static
../Core/Src/sdcard.c:24:16:SDCARD_ReadR1	24	static
../Core/Src/sdcard.c:43:12:SDCARD_WaitDataToken	32	static
../Core/Src/sdcard.c:58:12:SDCARD_ReadBytes	32	static
../Core/Src/sdcard.c:70:12:SDCARD_WaitNotBusy	16	static
../Core/Src/sdcard.c:81:5:SDCARD_Init	24	static
../Core/Src/sdcard.c:245:5:SDCARD_GetBlocksNumber	40	static
../Core/Src/sdcard.c:301:5:SDCARD_ReadSingleBlock	32	static
../Core/Src/sdcard.c:347:5:SDCARD_WriteSingleBlock	32	static
../Core/Src/sdcard.c:400:5:SDCARD_ReadBegin	24	static
../Core/Src/sdcard.c:428:5:SDCARD_ReadData	24	static
../Core/Src/sdcard.c:452:5:SDCARD_ReadEnd	16	static
../Core/Src/sdcard.c:481:5:SDCARD_WriteBegin	24	static
../Core/Src/sdcard.c:509:5:SDCARD_WriteData	24	static
../Core/Src/sdcard.c:541:5:SDCARD_WriteEnd	16	static
