Archive member included to satisfy reference by file (symbol)

D:/STM32/STM32CubeIDE_1.16.0/STM32CubeIDE/plugins/com.st.stm32cube.ide.mcu.externaltools.gnu-tools-for-stm32.13.3.rel1.win32_1.0.0.202411081344/tools/bin/../lib/gcc/arm-none-eabi/13.3.1/../../../../arm-none-eabi/lib/thumb/v7e-m+fp/hard\libc_nano.a(libc_a-exit.o)
                              D:/STM32/STM32CubeIDE_1.16.0/STM32CubeIDE/plugins/com.st.stm32cube.ide.mcu.externaltools.gnu-tools-for-stm32.13.3.rel1.win32_1.0.0.202411081344/tools/bin/../lib/gcc/arm-none-eabi/13.3.1/../../../../arm-none-eabi/lib/thumb/v7e-m+fp/hard/crt0.o (exit)
D:/STM32/STM32CubeIDE_1.16.0/STM32CubeIDE/plugins/com.st.stm32cube.ide.mcu.externaltools.gnu-tools-for-stm32.13.3.rel1.win32_1.0.0.202411081344/tools/bin/../lib/gcc/arm-none-eabi/13.3.1/../../../../arm-none-eabi/lib/thumb/v7e-m+fp/hard\libc_nano.a(libc_a-findfp.o)
                              D:/STM32/STM32CubeIDE_1.16.0/STM32CubeIDE/plugins/com.st.stm32cube.ide.mcu.externaltools.gnu-tools-for-stm32.13.3.rel1.win32_1.0.0.202411081344/tools/bin/../lib/gcc/arm-none-eabi/13.3.1/../../../../arm-none-eabi/lib/thumb/v7e-m+fp/hard\libc_nano.a(libc_a-exit.o) (__stdio_exit_handler)
D:/STM32/STM32CubeIDE_1.16.0/STM32CubeIDE/plugins/com.st.stm32cube.ide.mcu.externaltools.gnu-tools-for-stm32.13.3.rel1.win32_1.0.0.202411081344/tools/bin/../lib/gcc/arm-none-eabi/13.3.1/../../../../arm-none-eabi/lib/thumb/v7e-m+fp/hard\libc_nano.a(libc_a-fwalk.o)
                              D:/STM32/STM32CubeIDE_1.16.0/STM32CubeIDE/plugins/com.st.stm32cube.ide.mcu.externaltools.gnu-tools-for-stm32.13.3.rel1.win32_1.0.0.202411081344/tools/bin/../lib/gcc/arm-none-eabi/13.3.1/../../../../arm-none-eabi/lib/thumb/v7e-m+fp/hard\libc_nano.a(libc_a-findfp.o) (_fwalk_sglue)
D:/STM32/STM32CubeIDE_1.16.0/STM32CubeIDE/plugins/com.st.stm32cube.ide.mcu.externaltools.gnu-tools-for-stm32.13.3.rel1.win32_1.0.0.202411081344/tools/bin/../lib/gcc/arm-none-eabi/13.3.1/../../../../arm-none-eabi/lib/thumb/v7e-m+fp/hard\libc_nano.a(libc_a-snprintf.o)
                              ./Core/Src/main.o (snprintf)
D:/STM32/STM32CubeIDE_1.16.0/STM32CubeIDE/plugins/com.st.stm32cube.ide.mcu.externaltools.gnu-tools-for-stm32.13.3.rel1.win32_1.0.0.202411081344/tools/bin/../lib/gcc/arm-none-eabi/13.3.1/../../../../arm-none-eabi/lib/thumb/v7e-m+fp/hard\libc_nano.a(libc_a-stdio.o)
                              D:/STM32/STM32CubeIDE_1.16.0/STM32CubeIDE/plugins/com.st.stm32cube.ide.mcu.externaltools.gnu-tools-for-stm32.13.3.rel1.win32_1.0.0.202411081344/tools/bin/../lib/gcc/arm-none-eabi/13.3.1/../../../../arm-none-eabi/lib/thumb/v7e-m+fp/hard\libc_nano.a(libc_a-findfp.o) (__sread)
D:/STM32/STM32CubeIDE_1.16.0/STM32CubeIDE/plugins/com.st.stm32cube.ide.mcu.externaltools.gnu-tools-for-stm32.13.3.rel1.win32_1.0.0.202411081344/tools/bin/../lib/gcc/arm-none-eabi/13.3.1/../../../../arm-none-eabi/lib/thumb/v7e-m+fp/hard\libc_nano.a(libc_a-vsnprintf.o)
                              ./Core/Src/main.o (vsnprintf)
D:/STM32/STM32CubeIDE_1.16.0/STM32CubeIDE/plugins/com.st.stm32cube.ide.mcu.externaltools.gnu-tools-for-stm32.13.3.rel1.win32_1.0.0.202411081344/tools/bin/../lib/gcc/arm-none-eabi/13.3.1/../../../../arm-none-eabi/lib/thumb/v7e-m+fp/hard\libc_nano.a(libc_a-memset.o)
                              D:/STM32/STM32CubeIDE_1.16.0/STM32CubeIDE/plugins/com.st.stm32cube.ide.mcu.externaltools.gnu-tools-for-stm32.13.3.rel1.win32_1.0.0.202411081344/tools/bin/../lib/gcc/arm-none-eabi/13.3.1/../../../../arm-none-eabi/lib/thumb/v7e-m+fp/hard/crt0.o (memset)
D:/STM32/STM32CubeIDE_1.16.0/STM32CubeIDE/plugins/com.st.stm32cube.ide.mcu.externaltools.gnu-tools-for-stm32.13.3.rel1.win32_1.0.0.202411081344/tools/bin/../lib/gcc/arm-none-eabi/13.3.1/../../../../arm-none-eabi/lib/thumb/v7e-m+fp/hard\libc_nano.a(libc_a-closer.o)
                              D:/STM32/STM32CubeIDE_1.16.0/STM32CubeIDE/plugins/com.st.stm32cube.ide.mcu.externaltools.gnu-tools-for-stm32.13.3.rel1.win32_1.0.0.202411081344/tools/bin/../lib/gcc/arm-none-eabi/13.3.1/../../../../arm-none-eabi/lib/thumb/v7e-m+fp/hard\libc_nano.a(libc_a-stdio.o) (_close_r)
D:/STM32/STM32CubeIDE_1.16.0/STM32CubeIDE/plugins/com.st.stm32cube.ide.mcu.externaltools.gnu-tools-for-stm32.13.3.rel1.win32_1.0.0.202411081344/tools/bin/../lib/gcc/arm-none-eabi/13.3.1/../../../../arm-none-eabi/lib/thumb/v7e-m+fp/hard\libc_nano.a(libc_a-reent.o)
                              D:/STM32/STM32CubeIDE_1.16.0/STM32CubeIDE/plugins/com.st.stm32cube.ide.mcu.externaltools.gnu-tools-for-stm32.13.3.rel1.win32_1.0.0.202411081344/tools/bin/../lib/gcc/arm-none-eabi/13.3.1/../../../../arm-none-eabi/lib/thumb/v7e-m+fp/hard\libc_nano.a(libc_a-closer.o) (errno)
D:/STM32/STM32CubeIDE_1.16.0/STM32CubeIDE/plugins/com.st.stm32cube.ide.mcu.externaltools.gnu-tools-for-stm32.13.3.rel1.win32_1.0.0.202411081344/tools/bin/../lib/gcc/arm-none-eabi/13.3.1/../../../../arm-none-eabi/lib/thumb/v7e-m+fp/hard\libc_nano.a(libc_a-impure.o)
[...]
Memory Configuration

Name             Origin             Length             Attributes
RAM              0x20000000         0x00008000         xrw
RAM2             0x10000000         0x00002000         xrw
FLASH            0x08000000         0x00020000         xr
*default*        0x00000000         0xffffffff

Linker script and memory map

LOAD D:/STM32/STM32CubeIDE_1.16.0/STM32CubeIDE/plugins/com.st.stm32cube.ide.mcu.externaltools.gnu-tools-for-stm32.13.3.rel1.win32_1.0.0.202411081344/tools/bin/../lib/gcc/arm-none-eabi/13.3.1/thumb/v7e-m+fp/hard/crti.o
LOAD D:/STM32/STM32CubeIDE_1.16.0/STM32CubeIDE/plugins/com.st.stm32cube.ide.mcu.externaltools.gnu-tools-for-stm32.13.3.rel1.win32_1.0.0.202411081344/tools/bin/../lib/gcc/arm-none-eabi/13.3.1/thumb/v7e-m+fp/hard/crtbegin.o
LOAD D:/STM32/STM32CubeIDE_1.16.0/STM32CubeIDE/plugins/com.st.stm32cube.ide.mcu.externaltools.gnu-tools-for-stm32.13.3.rel1.win32_1.0.0.202411081344/tools/bin/../lib/gcc/arm-none-eabi/13.3.1/../../../../arm-none-eabi/lib/thumb/v7e-m+fp/hard/crt0.o
LOAD ./Core/Src/main.o
LOAD ./Core/Src/sdcard.o
LOAD ./Core/Src/stm32l4xx_hal_msp.o
LOAD ./Core/Src/stm32l4xx_it.o
LOAD ./Core/Src/syscalls.o
LOAD ./Core/Src/sysmem.o
LOAD ./Core/Src/system_stm32l4xx.o
LOAD ./Core/Startup/startup_stm32l412kbux.o
LOAD ./Drivers/STM32L4xx_HAL_Driver/Src/stm32l4xx_hal.o
LOAD ./Drivers/STM32L4xx_HAL_Driver/Src/stm32l4xx_hal_cortex.o
LOAD ./Drivers/STM32L4xx_HAL_Driver/Src/stm32l4xx_hal_dma.o
LOAD ./Drivers/STM32L4xx_HAL_Driver/Src/stm32l4xx_hal_dma_ex.o
LOAD ./Drivers/STM32L4xx_HAL_Driver/Src/stm32l4xx_hal_exti.o
LOAD ./Drivers/STM32L4xx_HAL_Driver/Src/stm32l4xx_hal_flash.o
LOAD ./Drivers/STM32L4xx_HAL_Driver/Src/stm32l4xx_hal_flash_ex.o
LOAD ./Drivers/STM32L4xx_HAL_Driver/Src/stm32l4xx_hal_flash_ramfunc.o
LOAD ./Drivers/STM32L4xx_HAL_Driver/Src/stm32l4xx_hal_gpio.o
LOAD ./Drivers/STM32L4xx_HAL_Driver/Src/stm32l4xx_hal_i2c.o
LOAD ./Drivers/STM32L4xx_HAL_Driver/Src/stm32l4xx_hal_i2c_ex.o
LOAD ./Drivers/STM32L4xx_HAL_Driver/Src/stm32l4xx_hal_pwr.o
LOAD ./Drivers/STM32L4xx_HAL_Driver/Src/stm32l4xx_hal_pwr_ex.o
LOAD ./Drivers/STM32L4xx_HAL_Driver/Src/stm32l4xx_hal_rcc.o
LOAD ./Drivers/STM32L4xx_HAL_Driver/Src/stm32l4xx_hal_rcc_ex.o
LOAD ./Drivers/STM32L4xx_HAL_Driver/Src/stm32l4xx_hal_spi.o
LOAD ./Drivers/STM32L4xx_HAL_Driver/Src/stm32l4xx_hal_spi_ex.o
LOAD ./Drivers/STM32L4xx_HAL_Driver/Src/stm32l4xx_hal_uart.o
LOAD ./Drivers/STM32L4xx_HAL_Driver/Src/stm32l4xx_hal_uart_ex.o
LOAD ./FATFS/App/fatfs.o
LOAD ./FATFS/Target/user_diskio.o
LOAD ./Middlewares/Third_Party/FatFs/src/diskio.o
LOAD ./Middlewares/Third_Party/FatFs/src/ff.o
LOAD ./Middlewares/Third_Party/FatFs/src/ff_gen_drv.o
LOAD ./Middlewares/Third_Party/FatFs/src/option/syscall.o
START GROUP
LOAD D:/STM32/STM32CubeIDE_1.16.0/STM32CubeIDE/plugins/com.st.stm32cube.ide.mcu.externaltools.gnu-tools-for-stm32.13.3.rel1.win32_1.0.0.202411081344/tools/bin/../lib/gcc/arm-none-eabi/13.3.1/../../../../arm-none-eabi/lib/thumb/v7e-m+fp/hard\libc_nano.a
LOAD D:/STM32/STM32CubeIDE_1.16.0/STM32CubeIDE/plugins/com.st.stm32cube.ide.mcu.externaltools.gnu-tools-for-stm32.13.3.rel1.win32_1.0.0.202411081344/tools/bin/../lib/gcc/arm-none-eabi/13.3.1/../../../../arm-none-eabi/lib/thumb/v7e-m+fp/hard\libm.a
END GROUP
START GROUP
LOAD D:/STM32/STM32CubeIDE_1.16.0/STM32CubeIDE/plugins/com.st.stm32cube.ide.mcu.externaltools.gnu-tools-for-stm32.13.3.rel1.win32_1.0.0.202411081344/tools/bin/../lib/gcc/arm-none-eabi/13.3.1/thumb/v7e-m+fp/hard\libgcc.a
LOAD D:/STM32/STM32CubeIDE_1.16.0/STM32CubeIDE/plugins/com.st.stm32cube.ide.mcu.externaltools.gnu-tools-for-stm32.13.3.rel1.win32_1.0.0.202411081344/tools/bin/../lib/gcc/arm-none-eabi/13.3.1/../../../../arm-none-eabi/lib/thumb/v7e-m+fp/hard\libc_nano.a
END GROUP
START GROUP
LOAD D:/STM32/STM32CubeIDE_1.16.0/STM32CubeIDE/plugins/com.st.stm32cube.ide.mcu.externaltools.gnu-tools-for-stm32.13.3.rel1.win32_1.0.0.202411081344/tools/bin/../lib/gcc/arm-none-eabi/13.3.1/thumb/v7e-m+fp/hard\libgcc.a
LOAD D:/STM32/STM32CubeIDE_1.16.0/STM32CubeIDE/plugins/com.st.stm32cube.ide.mcu.externaltools.gnu-tools-for-stm32.13.3.rel1.win32_1.0.0.202411081344/tools/bin/../lib/gcc/arm-none-eabi/13.3.1/../../../../arm-none-eabi/lib/thumb/v7e-m+fp/hard\libc_nano.a
LOAD D:/STM32/STM32CubeIDE_1.16.0/STM32CubeIDE/plugins/com.st.stm32cube.ide.mcu.externaltools.gnu-tools-for-stm32.13.3.rel1.win32_1.0.0.202411081344/tools/bin/../lib/gcc/arm-none-eabi/13.3.1/../../../../arm-none-eabi/lib/thumb/v7e-m+fp/hard\libnosys.a
END GROUP
START GROUP
LOAD D:/STM32/STM32CubeIDE_1.16.0/STM32CubeIDE/plugins/com.st.stm32cube.ide.mcu.externaltools.gnu-tools-for-stm32.13.3.rel1.win32_1.0.0.202411081344/tools/bin/../lib/gcc/arm-none-eabi/13.3.1/thumb/v7e-m+fp/hard\libgcc.a
LOAD D:/STM32/STM32CubeIDE_1.16.0/STM32CubeIDE/plugins/com.st.stm32cube.ide.mcu.externaltools.gnu-tools-for-stm32.13.3.rel1.win32_1.0.0.202411081344/tools/bin/../lib/gcc/arm-none-eabi/13.3.1/../../../../arm-none-eabi/lib/thumb/v7e-m+fp/hard\libc_nano.a
LOAD D:/STM32/STM32CubeIDE_1.16.0/STM32CubeIDE/plugins/com.st.stm32cube.ide.mcu.externaltools.gnu-tools-for-stm32.13.3.rel1.win32_1.0.0.202411081344/tools/bin/../lib/gcc/arm-none-eabi/13.3.1/../../../../arm-none-eabi/lib/thumb/v7e-m+fp/hard\libnosys.a
END GROUP
LOAD D:/STM32/STM32CubeIDE_1.16.0/STM32CubeIDE/plugins/com.st.stm32cube.ide.mcu.externaltools.gnu-tools-for-stm32.13.3.rel1.win32_1.0.0.202411081344/tools/bin/../lib/gcc/arm-none-eabi/13.3.1/thumb/v7e-m+fp/hard/crtend.o
LOAD D:/STM32/STM32CubeIDE_1.16.0/STM32CubeIDE/plugins/com.st.stm32cube.ide.mcu.externaltools.gnu-tools-for-stm32.13.3.rel1.win32_1.0.0.202411081344/tools/bin/../lib/gcc/arm-none-eabi/13.3.1/thumb/v7e-m+fp/hard/crtn.o
                0x20008000                        _estack = (ORIGIN (RAM) + LENGTH (RAM))
                0x00000200                        _Min_Heap_Size = 0x200
                0x00000400                        _Min_Stack_Size = 0x400

.isr_vector     0x08000000      0x18c
                0x08000000                        . = ALIGN (0x4)
 *(.isr_vector)
 .isr_vector    0x08000000      0x18c ./Core/Startup/startup_stm32l412kbux.o
                0x08000000                g_pfnVectors
                0x0800018c                        . = ALIGN (0x4)

.text           0x08000190     0x7584
                0x08000190                        . = ALIGN (0x4)
 *(.text)
 .text          0x08000190       0x40 D:/STM32/STM32CubeIDE_1.16.0/STM32CubeIDE/plugins/com.st.stm32cube.ide.mcu.externaltools.gnu-tools-for-stm32.13.3.rel1.win32_1.0.0.202411081344/tools/bin/../lib/gcc/arm-none-eabi/13.3.1/thumb/v7e-m+fp/hard/crtbegin.o
 .text          0x080001d0       0x10 D:/STM32/STM32CubeIDE_1.16.0/STM32CubeIDE/plugins/com.st.stm32cube.ide.mcu.externaltools.gnu-tools-for-stm32.13.3.rel1.win32_1.0.0.202411081344/tools/bin/../lib/gcc/arm-none-eabi/13.3.1/../../../../arm-none-eabi/lib/thumb/v7e-m+fp/hard\libc_nano.a(libc_a-strlen.o)
                0x080001d0                strlen
 .text          0x080001e0       0xa0 D:/STM32/STM32CubeIDE_1.16.0/STM32CubeIDE/plugins/com.st.stm32cube.ide.mcu.externaltools.gnu-tools-for-stm32.13.3.rel1.win32_1.0.0.202411081344/tools/bin/../lib/gcc/arm-none-eabi/13.3.1/../../../../arm-none-eabi/lib/thumb/v7e-m+fp/hard\libc_nano.a(libc_a-memchr.o)
                0x080001e0                memchr
 .text          0x08000280       0x30 D:/STM32/STM32CubeIDE_1.16.0/STM32CubeIDE/plugins/com.st.stm32cube.ide.mcu.externaltools.gnu-tools-for-stm32.13.3.rel1.win32_1.0.0.202411081344/tools/bin/../lib/gcc/arm-none-eabi/13.3.1/thumb/v7e-m+fp/hard\libgcc.a(_aeabi_uldivmod.o)
                0x08000280                __aeabi_uldivmod
 .text          0x080002b0      0x2f8 D:/STM32/STM32CubeIDE_1.16.0/STM32CubeIDE/plugins/com.st.stm32cube.ide.mcu.externaltools.gnu-tools-for-stm32.13.3.rel1.win32_1.0.0.202411081344/tools/bin/../lib/gcc/arm-none-eabi/13.3.1/thumb/v7e-m+fp/hard\libgcc.a(_udivmoddi4.o)
                0x080002b0                __udivmoddi4
 .text          0x080005a8        0x4 D:/STM32/STM32CubeIDE_1.16.0/STM32CubeIDE/plugins/com.st.stm32cube.ide.mcu.externaltools.gnu-tools-for-stm32.13.3.rel1.win32_1.0.0.202411081344/tools/bin/../lib/gcc/arm-none-eabi/13.3.1/thumb/v7e-m+fp/hard\libgcc.a(_dvmd_tls.o)
                0x080005a8                __aeabi_idiv0
                0x080005a8                __aeabi_ldiv0
 *(.text*)
 .text.UART_Printf
                0x080005ac       0x60 ./Core/Src/main.o
                0x080005ac                UART_Printf
 .text.init     0x0800060c      0x4bc ./Core/Src/main.o
                0x0800060c                init
 .text.loop     0x08000ac8       0x10 ./Core/Src/main.o
                0x08000ac8                loop
 .text.main     0x08000ad8       0x30 ./Core/Src/main.o
                0x08000ad8                main
 .text.SystemClock_Config
                0x08000b08       0xac ./Core/Src/main.o
                0x08000b08                SystemClock_Config
 .text.MX_I2C1_Init
                0x08000bb4       0x80 ./Core/Src/main.o
 .text.MX_SPI1_Init
                0x08000c34       0x7c ./Core/Src/main.o
 .text.MX_USART2_UART_Init
                0x08000cb0       0x60 ./Core/Src/main.o
 .text.MX_GPIO_Init
                0x08000d10       0x94 ./Core/Src/main.o
 .text.Error_Handler
                0x08000da4        0xc ./Core/Src/main.o
                0x08000da4                Error_Handler
 .text.SDCARD_Select
                0x08000db0       0x14 ./Core/Src/sdcard.o
 .text.SDCARD_Unselect
                0x08000dc4       0x14 ./Core/Src/sdcard.o
                0x08000dc4                SDCARD_Unselect
 .text.SDCARD_ReadR1
                0x08000dd8       0x38 ./Core/Src/sdcard.o
 .text.SDCARD_WaitDataToken
                0x08000e10       0x48 ./Core/Src/sdcard.o
 .text.SDCARD_ReadBytes
                0x08000e58       0x44 ./Core/Src/sdcard.o
 .text.SDCARD_WaitNotBusy
                0x08000e9c       0x2c ./Core/Src/sdcard.o
 .text.SDCARD_Init
                0x08000ec8      0x1dc ./Core/Src/sdcard.o
                0x08000ec8                SDCARD_Init
 .text.SDCARD_GetBlocksNumber
                0x080010a4       0xe0 ./Core/Src/sdcard.o
                0x080010a4                SDCARD_GetBlocksNumber
 .text.SDCARD_ReadSingleBlock
                0x08001184       0xcc ./Core/Src/sdcard.o
                0x08001184                SDCARD_ReadSingleBlock
 .text.SDCARD_WriteSingleBlock
                0x08001250       0xec ./Core/Src/sdcard.o
                0x08001250                SDCARD_WriteSingleBlock
 .text.SDCARD_ReadBegin
                0x0800133c       0x7c ./Core/Src/sdcard.o
                0x0800133c                SDCARD_ReadBegin
 .text.SDCARD_ReadData
                0x080013b8       0x66 ./Core/Src/sdcard.o
                0x080013b8                SDCARD_ReadData
 *fill*         0x0800141e        0x2 
 .text.SDCARD_ReadEnd
                0x08001420       0x5c ./Core/Src/sdcard.o
                0x08001420                SDCARD_ReadEnd
 .text.SDCARD_WriteBegin
                0x0800147c       0x7c ./Core/Src/sdcard.o
                0x0800147c                SDCARD_WriteBegin
 .text.SDCARD_WriteData
                0x080014f8       0x8c ./Core/Src/sdcard.o
                0x080014f8                SDCARD_WriteData
 .text.SDCARD_WriteEnd
                0x08001584       0x4c ./Core/Src/sdcard.o
                0x08001584                SDCARD_WriteEnd
 .text.HAL_MspInit
                0x080015d0       0x48 ./Core/Src/stm32l4xx_hal_msp.o
                0x080015d0                HAL_MspInit
 .text.HAL_I2C_MspInit
                0x08001618       0xb0 ./Core/Src/stm32l4xx_hal_msp.o
                0x08001618                HAL_I2C_MspInit
 .text.HAL_SPI_MspInit
                0x080016c8       0x84 ./Core/Src/stm32l4xx_hal_msp.o
                0x080016c8                HAL_SPI_MspInit
 .text.HAL_UART_MspInit
                0x0800174c       0xd4 ./Core/Src/stm32l4xx_hal_msp.o
                0x0800174c                HAL_UART_MspInit
 .text.NMI_Handler
                0x08001820        0x8 ./Core/Src/stm32l4xx_it.o
                0x08001820                NMI_Handler
 .text.HardFault_Handler
                0x08001828        0x8 ./Core/Src/stm32l4xx_it.o
                0x08001828                HardFault_Handler
 .text.MemManage_Handler
                0x08001830        0x8 ./Core/Src/stm32l4xx_it.o
                0x08001830                MemManage_Handler
 .text.BusFault_Handler
                0x08001838        0x8 ./Core/Src/stm32l4xx_it.o
                0x08001838                BusFault_Handler
 .text.UsageFault_Handler
                0x08001840        0x8 ./Core/Src/stm32l4xx_it.o
                0x08001840                UsageFault_Handler
 .text.SVC_Handler
                0x08001848        0xe ./Core/Src/stm32l4xx_it.o
                0x08001848                SVC_Handler
 .text.DebugMon_Handler
                0x08001856        0xe ./Core/Src/stm32l4xx_it.o
                0x08001856                DebugMon_Handler
 .text.PendSV_Handler
                0x08001864        0xe ./Core/Src/stm32l4xx_it.o
                0x08001864                PendSV_Handler
 .text.SysTick_Handler
                0x08001872        0xc ./Core/Src/stm32l4xx_it.o
                0x08001872                SysTick_Handler
 *fill*         0x0800187e        0x2 
 .text._sbrk    0x08001880       0x6c ./Core/Src/sysmem.o
                0x08001880                _sbrk
 .text.SystemInit
                0x080018ec       0x24 ./Core/Src/system_stm32l4xx.o
                0x080018ec                SystemInit
 .text.Reset_Handler
                0x08001910       0x50 ./Core/Startup/startup_stm32l412kbux.o
                0x08001910                Reset_Handler
 .text.Default_Handler
                0x08001960        0x2 ./Core/Startup/startup_stm32l412kbux.o
                0x08001960                RTC_Alarm_IRQHandler
                0x08001960                EXTI2_IRQHandler
                0x08001960                TIM1_CC_IRQHandler
                0x08001960                TSC_IRQHandler
                0x08001960                TIM6_IRQHandler
                0x08001960                TAMP_STAMP_IRQHandler
                0x08001960                EXTI3_IRQHandler
                0x08001960                LPTIM2_IRQHandler
                0x08001960                I2C3_ER_IRQHandler
                0x08001960                EXTI0_IRQHandler
                0x08001960                I2C2_EV_IRQHandler
                0x08001960                FPU_IRQHandler
                0x08001960                TIM1_UP_TIM16_IRQHandler
                0x08001960                ADC1_2_IRQHandler
                0x08001960                SPI1_IRQHandler
                0x08001960                DMA2_Channel2_IRQHandler
                0x08001960                DMA1_Channel4_IRQHandler
                0x08001960                USART3_IRQHandler
                0x08001960                DMA1_Channel7_IRQHandler
                0x08001960                DMA2_Channel1_IRQHandler
                0x08001960                QUADSPI_IRQHandler
                0x08001960                I2C1_EV_IRQHandler
                0x08001960                DMA1_Channel6_IRQHandler
                0x08001960                DMA2_Channel4_IRQHandler
                0x08001960                RCC_IRQHandler
                0x08001960                TIM1_TRG_COM_IRQHandler
                0x08001960                DMA1_Channel1_IRQHandler
                0x08001960                Default_Handler
                0x08001960                DMA2_Channel7_IRQHandler
                0x08001960                EXTI15_10_IRQHandler
                0x08001960                I2C3_EV_IRQHandler
                0x08001960                USB_IRQHandler
                0x08001960                EXTI9_5_IRQHandler
                0x08001960                RTC_WKUP_IRQHandler
                0x08001960                PVD_PVM_IRQHandler
                0x08001960                SPI2_IRQHandler
                0x08001960                DMA2_Channel5_IRQHandler
                0x08001960                CRS_IRQHandler
                0x08001960                DMA1_Channel5_IRQHandler
                0x08001960                EXTI4_IRQHandler
                0x08001960                RNG_IRQHandler
                0x08001960                DMA1_Channel3_IRQHandler
                0x08001960                COMP_IRQHandler
                0x08001960                WWDG_IRQHandler
                0x08001960                LPUART1_IRQHandler
                0x08001960                DMA2_Channel6_IRQHandler
                0x08001960                TIM2_IRQHandler
                0x08001960                EXTI1_IRQHandler
                0x08001960                USART2_IRQHandler
                0x08001960                I2C2_ER_IRQHandler
                0x08001960                DMA1_Channel2_IRQHandler
                0x08001960                FLASH_IRQHandler
                0x08001960                USART1_IRQHandler
                0x08001960                I2C1_ER_IRQHandler
                0x08001960                LPTIM1_IRQHandler
                0x08001960                DMA2_Channel3_IRQHandler
                0x08001960                TIM1_BRK_TIM15_IRQHandler
 .text.HAL_Init
                0x08001962       0x30 ./Drivers/STM32L4xx_HAL_Driver/Src/stm32l4xx_hal.o
                0x08001962                HAL_Init
 *fill*         0x08001992        0x2 
 .text.HAL_InitTick
                0x08001994       0x78 ./Drivers/STM32L4xx_HAL_Driver/Src/stm32l4xx_hal.o
                0x08001994                HAL_InitTick
 .text.HAL_IncTick
                0x08001a0c       0x28 ./Drivers/STM32L4xx_HAL_Driver/Src/stm32l4xx_hal.o
                0x08001a0c                HAL_IncTick
 .text.HAL_GetTick
                0x08001a34       0x18 ./Drivers/STM32L4xx_HAL_Driver/Src/stm32l4xx_hal.o
                0x08001a34                HAL_GetTick
 .text.HAL_Delay
                0x08001a4c       0x48 ./Drivers/STM32L4xx_HAL_Driver/Src/stm32l4xx_hal.o
                0x08001a4c                HAL_Delay
 .text.__NVIC_SetPriorityGrouping
                0x08001a94       0x48 ./Drivers/STM32L4xx_HAL_Driver/Src/stm32l4xx_hal_cortex.o
 .text.__NVIC_GetPriorityGrouping
                0x08001adc       0x1c ./Drivers/STM32L4xx_HAL_Driver/Src/stm32l4xx_hal_cortex.o
 .text.__NVIC_SetPriority
                0x08001af8       0x54 ./Drivers/STM32L4xx_HAL_Driver/Src/stm32l4xx_hal_cortex.o
 .text.NVIC_EncodePriority
                0x08001b4c       0x66 ./Drivers/STM32L4xx_HAL_Driver/Src/stm32l4xx_hal_cortex.o
 *fill*         0x08001bb2        0x2 
 .text.SysTick_Config
                0x08001bb4       0x44 ./Drivers/STM32L4xx_HAL_Driver/Src/stm32l4xx_hal_cortex.o
 .text.HAL_NVIC_SetPriorityGrouping
                0x08001bf8       0x16 ./Drivers/STM32L4xx_HAL_Driver/Src/stm32l4xx_hal_cortex.o
                0x08001bf8                HAL_NVIC_SetPriorityGrouping
 .text.HAL_NVIC_SetPriority
                0x08001c0e       0x38 ./Drivers/STM32L4xx_HAL_Driver/Src/stm32l4xx_hal_cortex.o
                0x08001c0e                HAL_NVIC_SetPriority
 .text.HAL_SYSTICK_Config
                0x08001c46       0x18 ./Drivers/STM32L4xx_HAL_Driver/Src/stm32l4xx_hal_cortex.o
                0x08001c46                HAL_SYSTICK_Config
 *fill*         0x08001c5e        0x2 
 .text.HAL_GPIO_Init
                0x08001c60      0x2e4 ./Drivers/STM32L4xx_HAL_Driver/Src/stm32l4xx_hal_gpio.o
                0x08001c60                HAL_GPIO_Init
 .text.HAL_GPIO_WritePin
                0x08001f44       0x30 ./Drivers/STM32L4xx_HAL_Driver/Src/stm32l4xx_hal_gpio.o
                0x08001f44                HAL_GPIO_WritePin
 .text.HAL_I2C_Init
                0x08001f74      0x136 ./Drivers/STM32L4xx_HAL_Driver/Src/stm32l4xx_hal_i2c.o
                0x08001f74                HAL_I2C_Init
 .text.HAL_I2CEx_ConfigAnalogFilter
                0x080020aa       0x96 ./Drivers/STM32L4xx_HAL_Driver/Src/stm32l4xx_hal_i2c_ex.o
                0x080020aa                HAL_I2CEx_ConfigAnalogFilter
 .text.HAL_I2CEx_ConfigDigitalFilter
                0x08002140       0x98 ./Drivers/STM32L4xx_HAL_Driver/Src/stm32l4xx_hal_i2c_ex.o
                0x08002140                HAL_I2CEx_ConfigDigitalFilter
 .text.HAL_PWR_EnableBkUpAccess
                0x080021d8       0x20 ./Drivers/STM32L4xx_HAL_Driver/Src/stm32l4xx_hal_pwr.o
                0x080021d8                HAL_PWR_EnableBkUpAccess
 .text.HAL_PWREx_GetVoltageRange
                0x080021f8       0x1c ./Drivers/STM32L4xx_HAL_Driver/Src/stm32l4xx_hal_pwr_ex.o
                0x080021f8                HAL_PWREx_GetVoltageRange
 .text.HAL_PWREx_ControlVoltageScaling
                0x08002214       0xac ./Drivers/STM32L4xx_HAL_Driver/Src/stm32l4xx_hal_pwr_ex.o
                0x08002214                HAL_PWREx_ControlVoltageScaling
 .text.HAL_RCC_OscConfig
                0x080022c0      0x8c4 ./Drivers/STM32L4xx_HAL_Driver/Src/stm32l4xx_hal_rcc.o
                0x080022c0                HAL_RCC_OscConfig
 .text.HAL_RCC_ClockConfig
                0x08002b84      0x200 ./Drivers/STM32L4xx_HAL_Driver/Src/stm32l4xx_hal_rcc.o
                0x08002b84                HAL_RCC_ClockConfig
 .text.HAL_RCC_GetSysClockFreq
                0x08002d84      0x118 ./Drivers/STM32L4xx_HAL_Driver/Src/stm32l4xx_hal_rcc.o
                0x08002d84                HAL_RCC_GetSysClockFreq
 .text.HAL_RCC_GetHCLKFreq
                0x08002e9c       0x18 ./Drivers/STM32L4xx_HAL_Driver/Src/stm32l4xx_hal_rcc.o
                0x08002e9c                HAL_RCC_GetHCLKFreq
 .text.HAL_RCC_GetPCLK1Freq
                0x08002eb4       0x2c ./Drivers/STM32L4xx_HAL_Driver/Src/stm32l4xx_hal_rcc.o
                0x08002eb4                HAL_RCC_GetPCLK1Freq
 .text.HAL_RCC_GetPCLK2Freq
                0x08002ee0       0x2c ./Drivers/STM32L4xx_HAL_Driver/Src/stm32l4xx_hal_rcc.o
                0x08002ee0                HAL_RCC_GetPCLK2Freq
 .text.RCC_SetFlashLatencyFromMSIRange
                0x08002f0c       0xc0 ./Drivers/STM32L4xx_HAL_Driver/Src/stm32l4xx_hal_rcc.o
 .text.HAL_RCCEx_PeriphCLKConfig
                0x08002fcc      0x30c ./Drivers/STM32L4xx_HAL_Driver/Src/stm32l4xx_hal_rcc_ex.o
                0x08002fcc                HAL_RCCEx_PeriphCLKConfig
 .text.HAL_RCCEx_EnableMSIPLLMode
                0x080032d8       0x20 ./Drivers/STM32L4xx_HAL_Driver/Src/stm32l4xx_hal_rcc_ex.o
                0x080032d8                HAL_RCCEx_EnableMSIPLLMode
 .text.HAL_SPI_Init
                0x080032f8      0x146 ./Drivers/STM32L4xx_HAL_Driver/Src/stm32l4xx_hal_spi.o
                0x080032f8                HAL_SPI_Init
 .text.HAL_SPI_Transmit
                0x0800343e      0x2ec ./Drivers/STM32L4xx_HAL_Driver/Src/stm32l4xx_hal_spi.o
                0x0800343e                HAL_SPI_Transmit
 .text.HAL_SPI_TransmitReceive
                0x0800372a      0x43e ./Drivers/STM32L4xx_HAL_Driver/Src/stm32l4xx_hal_spi.o
                0x0800372a                HAL_SPI_TransmitReceive
 .text.SPI_WaitFlagStateUntilTimeout
                0x08003b68      0x110 ./Drivers/STM32L4xx_HAL_Driver/Src/stm32l4xx_hal_spi.o
 .text.SPI_WaitFifoStateUntilTimeout
                0x08003c78      0x12c ./Drivers/STM32L4xx_HAL_Driver/Src/stm32l4xx_hal_spi.o
 .text.SPI_EndRxTxTransaction
                0x08003da4       0x8c ./Drivers/STM32L4xx_HAL_Driver/Src/stm32l4xx_hal_spi.o
 .text.HAL_UART_Init
                0x08003e30       0x9c ./Drivers/STM32L4xx_HAL_Driver/Src/stm32l4xx_hal_uart.o
                0x08003e30                HAL_UART_Init
 .text.HAL_UART_Transmit
                0x08003ecc      0x112 ./Drivers/STM32L4xx_HAL_Driver/Src/stm32l4xx_hal_uart.o
                0x08003ecc                HAL_UART_Transmit
 *fill*         0x08003fde        0x2 
 .text.UART_SetConfig
                0x08003fe0      0x4b4 ./Drivers/STM32L4xx_HAL_Driver/Src/stm32l4xx_hal_uart.o
                0x08003fe0                UART_SetConfig
 .text.UART_AdvFeatureConfig
                0x08004494      0x144 ./Drivers/STM32L4xx_HAL_Driver/Src/stm32l4xx_hal_uart.o
                0x08004494                UART_AdvFeatureConfig
 .text.UART_CheckIdleState
                0x080045d8      0x150 ./Drivers/STM32L4xx_HAL_Driver/Src/stm32l4xx_hal_uart.o
                0x080045d8                UART_CheckIdleState
 .text.UART_WaitOnFlagUntilTimeout
                0x08004728       0xda ./Drivers/STM32L4xx_HAL_Driver/Src/stm32l4xx_hal_uart.o
                0x08004728                UART_WaitOnFlagUntilTimeout
 .text.UART_EndRxTransfer
                0x08004802       0xc8 ./Drivers/STM32L4xx_HAL_Driver/Src/stm32l4xx_hal_uart.o
 *fill*         0x080048ca        0x2 
 .text.MX_FATFS_Init
                0x080048cc       0x24 ./FATFS/App/fatfs.o
                0x080048cc                MX_FATFS_Init
 .text.get_fattime
                0x080048f0       0x10 ./FATFS/App/fatfs.o
                0x080048f0                get_fattime
 .text.USER_initialize
                0x08004900       0x28 ./FATFS/Target/user_diskio.o
                0x08004900                USER_initialize
 .text.USER_status
                0x08004928       0x28 ./FATFS/Target/user_diskio.o
                0x08004928                USER_status
 .text.USER_read
                0x08004950       0x1e ./FATFS/Target/user_diskio.o
                0x08004950                USER_read
 .text.USER_write
                0x0800496e       0x1e ./FATFS/Target/user_diskio.o
                0x0800496e                USER_write
 .text.USER_ioctl
                0x0800498c       0x22 ./FATFS/Target/user_diskio.o
                0x0800498c                USER_ioctl
 *fill*         0x080049ae        0x2 
 .text.disk_status
                0x080049b0       0x34 ./Middlewares/Third_Party/FatFs/src/diskio.o
                0x080049b0                disk_status
 .text.disk_initialize
                0x080049e4       0x4c ./Middlewares/Third_Party/FatFs/src/diskio.o
                0x080049e4                disk_initialize
 .text.disk_read
                0x08004a30       0x40 ./Middlewares/Third_Party/FatFs/src/diskio.o
                0x08004a30                disk_read
 .text.disk_write
                0x08004a70       0x40 ./Middlewares/Third_Party/FatFs/src/diskio.o
                0x08004a70                disk_write
 .text.disk_ioctl
                0x08004ab0       0x3c ./Middlewares/Third_Party/FatFs/src/diskio.o
                0x08004ab0                disk_ioctl
 .text.ld_word  0x08004aec       0x32 ./Middlewares/Third_Party/FatFs/src/ff.o
 .text.ld_dword
                0x08004b1e       0x46 ./Middlewares/Third_Party/FatFs/src/ff.o
 .text.st_word  0x08004b64       0x36 ./Middlewares/Third_Party/FatFs/src/ff.o
 .text.st_dword
                0x08004b9a       0x58 ./Middlewares/Third_Party/FatFs/src/ff.o
 .text.mem_cpy  0x08004bf2       0x42 ./Middlewares/Third_Party/FatFs/src/ff.o
 .text.mem_set  0x08004c34       0x36 ./Middlewares/Third_Party/FatFs/src/ff.o
 .text.mem_cmp  0x08004c6a       0x4e ./Middlewares/Third_Party/FatFs/src/ff.o
 .text.chk_chr  0x08004cb8       0x36 ./Middlewares/Third_Party/FatFs/src/ff.o
 *fill*         0x08004cee        0x2 
 .text.chk_lock
                0x08004cf0       0xb8 ./Middlewares/Third_Party/FatFs/src/ff.o
 .text.enq_lock
                0x08004da8       0x44 ./Middlewares/Third_Party/FatFs/src/ff.o
 .text.inc_lock
                0x08004dec      0x11c ./Middlewares/Third_Party/FatFs/src/ff.o
 .text.dec_lock
                0x08004f08       0x78 ./Middlewares/Third_Party/FatFs/src/ff.o
 .text.clear_lock
                0x08004f80       0x48 ./Middlewares/Third_Party/FatFs/src/ff.o
 .text.sync_window
                0x08004fc8       0x88 ./Middlewares/Third_Party/FatFs/src/ff.o
 .text.move_window
                0x08005050       0x5a ./Middlewares/Third_Party/FatFs/src/ff.o
 *fill*         0x080050aa        0x2 
 .text.sync_fs  0x080050ac       0xdc ./Middlewares/Third_Party/FatFs/src/ff.o
 .text.clust2sect
                0x08005188       0x3e ./Middlewares/Third_Party/FatFs/src/ff.o
 .text.get_fat  0x080051c6      0x14e ./Middlewares/Third_Party/FatFs/src/ff.o
 .text.put_fat  0x08005314      0x1d4 ./Middlewares/Third_Party/FatFs/src/ff.o
 .text.remove_chain
                0x080054e8       0xca ./Middlewares/Third_Party/FatFs/src/ff.o
 .text.create_chain
                0x080055b2      0x130 ./Middlewares/Third_Party/FatFs/src/ff.o
 .text.clmt_clust
                0x080056e2       0x68 ./Middlewares/Third_Party/FatFs/src/ff.o
 .text.dir_sdi  0x0800574a       0xf6 ./Middlewares/Third_Party/FatFs/src/ff.o
 .text.dir_next
                0x08005840      0x18a ./Middlewares/Third_Party/FatFs/src/ff.o
 .text.dir_alloc
                0x080059ca       0x8e ./Middlewares/Third_Party/FatFs/src/ff.o
 .text.ld_clust
                0x08005a58       0x3e ./Middlewares/Third_Party/FatFs/src/ff.o
 .text.st_clust
                0x08005a96       0x40 ./Middlewares/Third_Party/FatFs/src/ff.o
 .text.dir_find
                0x08005ad6       0xaa ./Middlewares/Third_Party/FatFs/src/ff.o
 .text.dir_register
                0x08005b80       0x64 ./Middlewares/Third_Party/FatFs/src/ff.o
 .text.create_name
                0x08005be4      0x128 ./Middlewares/Third_Party/FatFs/src/ff.o
 .text.follow_path
                0x08005d0c       0xe2 ./Middlewares/Third_Party/FatFs/src/ff.o
 .text.get_ldnumber
                0x08005dee       0x88 ./Middlewares/Third_Party/FatFs/src/ff.o
 *fill*         0x08005e76        0x2 
 .text.check_fs
                0x08005e78       0xac ./Middlewares/Third_Party/FatFs/src/ff.o
 .text.find_volume
                0x08005f24      0x498 ./Middlewares/Third_Party/FatFs/src/ff.o
 .text.validate
                0x080063bc       0x6a ./Middlewares/Third_Party/FatFs/src/ff.o
 *fill*         0x08006426        0x2 
 .text.f_mount  0x08006428       0x8c ./Middlewares/Third_Party/FatFs/src/ff.o
                0x08006428                f_mount
 .text.f_open   0x080064b4      0x374 ./Middlewares/Third_Party/FatFs/src/ff.o
                0x080064b4                f_open
 .text.f_write  0x08006828      0x2ea ./Middlewares/Third_Party/FatFs/src/ff.o
                0x08006828                f_write
 .text.f_sync   0x08006b12       0xfc ./Middlewares/Third_Party/FatFs/src/ff.o
                0x08006b12                f_sync
 .text.f_close  0x08006c0e       0x54 ./Middlewares/Third_Party/FatFs/src/ff.o
                0x08006c0e                f_close
 *fill*         0x08006c62        0x2 
 .text.FATFS_LinkDriverEx
                0x08006c64       0x98 ./Middlewares/Third_Party/FatFs/src/ff_gen_drv.o
                0x08006c64                FATFS_LinkDriverEx
 .text.FATFS_LinkDriver
                0x08006cfc       0x1e ./Middlewares/Third_Party/FatFs/src/ff_gen_drv.o
                0x08006cfc                FATFS_LinkDriver
 *fill*         0x08006d1a        0x2 
 .text.snprintf
                0x08006d1c       0x6c D:/STM32/STM32CubeIDE_1.16.0/STM32CubeIDE/plugins/com.st.stm32cube.ide.mcu.externaltools.gnu-tools-for-stm32.13.3.rel1.win32_1.0.0.202411081344/tools/bin/../lib/gcc/arm-none-eabi/13.3.1/../../../../arm-none-eabi/lib/thumb/v7e-m+fp/hard\libc_nano.a(libc_a-snprintf.o)
                0x08006d1c                sniprintf
                0x08006d1c                snprintf
 .text._vsnprintf_r
                0x08006d88       0x5c D:/STM32/STM32CubeIDE_1.16.0/STM32CubeIDE/plugins/com.st.stm32cube.ide.mcu.externaltools.gnu-tools-for-stm32.13.3.rel1.win32_1.0.0.202411081344/tools/bin/../lib/gcc/arm-none-eabi/13.3.1/../../../../arm-none-eabi/lib/thumb/v7e-m+fp/hard\libc_nano.a(libc_a-vsnprintf.o)
                0x08006d88                _vsniprintf_r
                0x08006d88                _vsnprintf_r
 .text.vsnprintf
                0x08006de4       0x1c D:/STM32/STM32CubeIDE_1.16.0/STM32CubeIDE/plugins/com.st.stm32cube.ide.mcu.externaltools.gnu-tools-for-stm32.13.3.rel1.win32_1.0.0.202411081344/tools/bin/../lib/gcc/arm-none-eabi/13.3.1/../../../../arm-none-eabi/lib/thumb/v7e-m+fp/hard\libc_nano.a(libc_a-vsnprintf.o)
                0x08006de4                vsniprintf
                0x08006de4                vsnprintf
 .text.memset   0x08006e00       0x10 D:/STM32/STM32CubeIDE_1.16.0/STM32CubeIDE/plugins/com.st.stm32cube.ide.mcu.externaltools.gnu-tools-for-stm32.13.3.rel1.win32_1.0.0.202411081344/tools/bin/../lib/gcc/arm-none-eabi/13.3.1/../../../../arm-none-eabi/lib/thumb/v7e-m+fp/hard\libc_nano.a(libc_a-memset.o)
                0x08006e00                memset
 .text.__errno  0x08006e10        0xc D:/STM32/STM32CubeIDE_1.16.0/STM32CubeIDE/plugins/com.st.stm32cube.ide.mcu.externaltools.gnu-tools-for-stm32.13.3.rel1.win32_1.0.0.202411081344/tools/bin/../lib/gcc/arm-none-eabi/13.3.1/../../../../arm-none-eabi/lib/thumb/v7e-m+fp/hard\libc_nano.a(libc_a-errno.o)
                0x08006e10                __errno
 .text.__libc_init_array
                0x08006e1c       0x48 D:/STM32/STM32CubeIDE_1.16.0/STM32CubeIDE/plugins/com.st.stm32cube.ide.mcu.externaltools.gnu-tools-for-stm32.13.3.rel1.win32_1.0.0.202411081344/tools/bin/../lib/gcc/arm-none-eabi/13.3.1/../../../../arm-none-eabi/lib/thumb/v7e-m+fp/hard\libc_nano.a(libc_a-init.o)
                0x08006e1c                __libc_init_array
 .text.__retarget_lock_acquire_recursive
                0x08006e64        0x2 D:/STM32/STM32CubeIDE_1.16.0/STM32CubeIDE/plugins/com.st.stm32cube.ide.mcu.externaltools.gnu-tools-for-stm32.13.3.rel1.win32_1.0.0.202411081344/tools/bin/../lib/gcc/arm-none-eabi/13.3.1/../../../../arm-none-eabi/lib/thumb/v7e-m+fp/hard\libc_nano.a(libc_a-lock.o)
                0x08006e64                __retarget_lock_acquire_recursive
 .text.__retarget_lock_release_recursive
                0x08006e66        0x2 D:/STM32/STM32CubeIDE_1.16.0/STM32CubeIDE/plugins/com.st.stm32cube.ide.mcu.externaltools.gnu-tools-for-stm32.13.3.rel1.win32_1.0.0.202411081344/tools/bin/../lib/gcc/arm-none-eabi/13.3.1/../../../../arm-none-eabi/lib/thumb/v7e-m+fp/hard\libc_nano.a(libc_a-lock.o)
                0x08006e66                __retarget_lock_release_recursive
 .text._free_r  0x08006e68       0x94 D:/STM32/STM32CubeIDE_1.16.0/STM32CubeIDE/plugins/com.st.stm32cube.ide.mcu.externaltools.gnu-tools-for-stm32.13.3.rel1.win32_1.0.0.202411081344/tools/bin/../lib/gcc/arm-none-eabi/13.3.1/../../../../arm-none-eabi/lib/thumb/v7e-m+fp/hard\libc_nano.a(libc_a-freer.o)
                0x08006e68                _free_r
 .text.sbrk_aligned
                0x08006efc       0x44 D:/STM32/STM32CubeIDE_1.16.0/STM32CubeIDE/plugins/com.st.stm32cube.ide.mcu.externaltools.gnu-tools-for-stm32.13.3.rel1.win32_1.0.0.202411081344/tools/bin/../lib/gcc/arm-none-eabi/13.3.1/../../../../arm-none-eabi/lib/thumb/v7e-m+fp/hard\libc_nano.a(libc_a-mallocr.o)
 .text._malloc_r
                0x08006f40      0x100 D:/STM32/STM32CubeIDE_1.16.0/STM32CubeIDE/plugins/com.st.stm32cube.ide.mcu.externaltools.gnu-tools-for-stm32.13.3.rel1.win32_1.0.0.202411081344/tools/bin/../lib/gcc/arm-none-eabi/13.3.1/../../../../arm-none-eabi/lib/thumb/v7e-m+fp/hard\libc_nano.a(libc_a-mallocr.o)
                0x08006f40                _malloc_r
 .text.__malloc_lock
                0x08007040        0xc D:/STM32/STM32CubeIDE_1.16.0/STM32CubeIDE/plugins/com.st.stm32cube.ide.mcu.externaltools.gnu-tools-for-stm32.13.3.rel1.win32_1.0.0.202411081344/tools/bin/../lib/gcc/arm-none-eabi/13.3.1/../../../../arm-none-eabi/lib/thumb/v7e-m+fp/hard\libc_nano.a(libc_a-mlock.o)
                0x08007040                __malloc_lock
 .text.__malloc_unlock
                0x0800704c        0xc D:/STM32/STM32CubeIDE_1.16.0/STM32CubeIDE/plugins/com.st.stm32cube.ide.mcu.externaltools.gnu-tools-for-stm32.13.3.rel1.win32_1.0.0.202411081344/tools/bin/../lib/gcc/arm-none-eabi/13.3.1/../../../../arm-none-eabi/lib/thumb/v7e-m+fp/hard\libc_nano.a(libc_a-mlock.o)
                0x0800704c                __malloc_unlock
 .text.__ssputs_r
                0x08007058       0xb6 D:/STM32/STM32CubeIDE_1.16.0/STM32CubeIDE/plugins/com.st.stm32cube.ide.mcu.externaltools.gnu-tools-for-stm32.13.3.rel1.win32_1.0.0.202411081344/tools/bin/../lib/gcc/arm-none-eabi/13.3.1/../../../../arm-none-eabi/lib/thumb/v7e-m+fp/hard\libc_nano.a(libc_a-nano-svfprintf.o)
                0x08007058                __ssputs_r
 *fill*         0x0800710e        0x2 
 .text._svfprintf_r
                0x08007110      0x1f8 D:/STM32/STM32CubeIDE_1.16.0/STM32CubeIDE/plugins/com.st.stm32cube.ide.mcu.externaltools.gnu-tools-for-stm32.13.3.rel1.win32_1.0.0.202411081344/tools/bin/../lib/gcc/arm-none-eabi/13.3.1/../../../../arm-none-eabi/lib/thumb/v7e-m+fp/hard\libc_nano.a(libc_a-nano-svfprintf.o)
                0x08007110                _svfiprintf_r
                0x08007110                _svfprintf_r
 .text._printf_common
                0x08007308       0xda D:/STM32/STM32CubeIDE_1.16.0/STM32CubeIDE/plugins/com.st.stm32cube.ide.mcu.externaltools.gnu-tools-for-stm32.13.3.rel1.win32_1.0.0.202411081344/tools/bin/../lib/gcc/arm-none-eabi/13.3.1/../../../../arm-none-eabi/lib/thumb/v7e-m+fp/hard\libc_nano.a(libc_a-nano-vfprintf_i.o)
                0x08007308                _printf_common
 *fill*         0x080073e2        0x2 
 .text._printf_i
                0x080073e4      0x23c D:/STM32/STM32CubeIDE_1.16.0/STM32CubeIDE/plugins/com.st.stm32cube.ide.mcu.externaltools.gnu-tools-for-stm32.13.3.rel1.win32_1.0.0.202411081344/tools/bin/../lib/gcc/arm-none-eabi/13.3.1/../../../../arm-none-eabi/lib/thumb/v7e-m+fp/hard\libc_nano.a(libc_a-nano-vfprintf_i.o)
                0x080073e4                _printf_i
 .text.memmove  0x08007620       0x34 D:/STM32/STM32CubeIDE_1.16.0/STM32CubeIDE/plugins/com.st.stm32cube.ide.mcu.externaltools.gnu-tools-for-stm32.13.3.rel1.win32_1.0.0.202411081344/tools/bin/../lib/gcc/arm-none-eabi/13.3.1/../../../../arm-none-eabi/lib/thumb/v7e-m+fp/hard\libc_nano.a(libc_a-memmove.o)
                0x08007620                memmove
 .text._sbrk_r  0x08007654       0x20 D:/STM32/STM32CubeIDE_1.16.0/STM32CubeIDE/plugins/com.st.stm32cube.ide.mcu.externaltools.gnu-tools-for-stm32.13.3.rel1.win32_1.0.0.202411081344/tools/bin/../lib/gcc/arm-none-eabi/13.3.1/../../../../arm-none-eabi/lib/thumb/v7e-m+fp/hard\libc_nano.a(libc_a-sbrkr.o)
                0x08007654                _sbrk_r
 .text.memcpy   0x08007674       0x1c D:/STM32/STM32CubeIDE_1.16.0/STM32CubeIDE/plugins/com.st.stm32cube.ide.mcu.externaltools.gnu-tools-for-stm32.13.3.rel1.win32_1.0.0.202411081344/tools/bin/../lib/gcc/arm-none-eabi/13.3.1/../../../../arm-none-eabi/lib/thumb/v7e-m+fp/hard\libc_nano.a(libc_a-memcpy-stub.o)
                0x08007674                memcpy
 .text._realloc_r
                0x08007690       0x5c D:/STM32/STM32CubeIDE_1.16.0/STM32CubeIDE/plugins/com.st.stm32cube.ide.mcu.externaltools.gnu-tools-for-stm32.13.3.rel1.win32_1.0.0.202411081344/tools/bin/../lib/gcc/arm-none-eabi/13.3.1/../../../../arm-none-eabi/lib/thumb/v7e-m+fp/hard\libc_nano.a(libc_a-reallocr.o)
                0x08007690                _realloc_r
 .text._malloc_usable_size_r
                0x080076ec       0x10 D:/STM32/STM32CubeIDE_1.16.0/STM32CubeIDE/plugins/com.st.stm32cube.ide.mcu.externaltools.gnu-tools-for-stm32.13.3.rel1.win32_1.0.0.202411081344/tools/bin/../lib/gcc/arm-none-eabi/13.3.1/../../../../arm-none-eabi/lib/thumb/v7e-m+fp/hard\libc_nano.a(libc_a-msizer.o)
                0x080076ec                _malloc_usable_size_r
 *(.glue_7)
 .glue_7        0x080076fc        0x0 linker stubs
 *(.glue_7t)
 .glue_7t       0x080076fc        0x0 linker stubs
 *(.eh_frame)
 .eh_frame      0x080076fc        0x0 D:/STM32/STM32CubeIDE_1.16.0/STM32CubeIDE/plugins/com.st.stm32cube.ide.mcu.externaltools.gnu-tools-for-stm32.13.3.rel1.win32_1.0.0.202411081344/tools/bin/../lib/gcc/arm-none-eabi/13.3.1/thumb/v7e-m+fp/hard/crtbegin.o
 *(.init)
 .init          0x080076fc        0x4 D:/STM32/STM32CubeIDE_1.16.0/STM32CubeIDE/plugins/com.st.stm32cube.ide.mcu.externaltools.gnu-tools-for-stm32.13.3.rel1.win32_1.0.0.202411081344/tools/bin/../lib/gcc/arm-none-eabi/13.3.1/thumb/v7e-m+fp/hard/crti.o
                0x080076fc                _init
 .init          0x08007700        0x8 D:/STM32/STM32CubeIDE_1.16.0/STM32CubeIDE/plugins/com.st.stm32cube.ide.mcu.externaltools.gnu-tools-for-stm32.13.3.rel1.win32_1.0.0.202411081344/tools/bin/../lib/gcc/arm-none-eabi/13.3.1/thumb/v7e-m+fp/hard/crtn.o
 *(.fini)
 .fini          0x08007708        0x4 D:/STM32/STM32CubeIDE_1.16.0/STM32CubeIDE/plugins/com.st.stm32cube.ide.mcu.externaltools.gnu-tools-for-stm32.13.3.rel1.win32_1.0.0.202411081344/tools/bin/../lib/gcc/arm-none-eabi/13.3.1/thumb/v7e-m+fp/hard/crti.o
                0x08007708                _fini
 .fini          0x0800770c        0x8 D:/STM32/STM32CubeIDE_1.16.0/STM32CubeIDE/plugins/com.st.stm32cube.ide.mcu.externaltools.gnu-tools-for-stm32.13.3.rel1.win32_1.0.0.202411081344/tools/bin/../lib/gcc/arm-none-eabi/13.3.1/thumb/v7e-m+fp/hard/crtn.o
                0x08007714                        . = ALIGN (0x4)
                0x08007714                        _etext = .

.vfp11_veneer   0x08007714        0x0
 .vfp11_veneer  0x08007714        0x0 linker stubs

.v4_bx          0x08007714        0x0
 .v4_bx         0x08007714        0x0 linker stubs

.iplt           0x08007714        0x0
 .iplt          0x08007714        0x0 D:/STM32/STM32CubeIDE_1.16.0/STM32CubeIDE/plugins/com.st.stm32cube.ide.mcu.externaltools.gnu-tools-for-stm32.13.3.rel1.win32_1.0.0.202411081344/tools/bin/../lib/gcc/arm-none-eabi/13.3.1/thumb/v7e-m+fp/hard/crtbegin.o

.rodata         0x08007714      0x5b8
                0x08007714                        . = ALIGN (0x4)
 *(.rodata)
 .rodata        0x08007714      0x43d ./Core/Src/main.o
 *fill*         0x08007b51        0x3 
 .rodata        0x08007b54       0x44 ./Middlewares/Third_Party/FatFs/src/ff.o
 *(.rodata*)
 .rodata.cmd.6  0x08007b98        0x6 ./Core/Src/sdcard.o
 *fill*         0x08007b9e        0x2 
 .rodata.cmd.5  0x08007ba0        0x6 ./Core/Src/sdcard.o
 *fill*         0x08007ba6        0x2 
 .rodata.cmd.4  0x08007ba8        0x6 ./Core/Src/sdcard.o
 *fill*         0x08007bae        0x2 
 .rodata.cmd.3  0x08007bb0        0x6 ./Core/Src/sdcard.o
 *fill*         0x08007bb6        0x2 
 .rodata.cmd.2  0x08007bb8        0x6 ./Core/Src/sdcard.o
 *fill*         0x08007bbe        0x2 
 .rodata.cmd.1  0x08007bc0        0x6 ./Core/Src/sdcard.o
 *fill*         0x08007bc6        0x2 
 .rodata.cmd.0  0x08007bc8        0x6 ./Core/Src/sdcard.o
 *fill*         0x08007bce        0x2 
 .rodata.AHBPrescTable
                0x08007bd0       0x10 ./Core/Src/system_stm32l4xx.o
                0x08007bd0                AHBPrescTable
 .rodata.APBPrescTable
                0x08007be0        0x8 ./Core/Src/system_stm32l4xx.o
                0x08007be0                APBPrescTable
 .rodata.MSIRangeTable
                0x08007be8       0x30 ./Core/Src/system_stm32l4xx.o
                0x08007be8                MSIRangeTable
 .rodata.ExCvt  0x08007c18       0x80 ./Middlewares/Third_Party/FatFs/src/ff.o
 .rodata._svfprintf_r.str1.1
                0x08007c98       0x33 D:/STM32/STM32CubeIDE_1.16.0/STM32CubeIDE/plugins/com.st.stm32cube.ide.mcu.externaltools.gnu-tools-for-stm32.13.3.rel1.win32_1.0.0.202411081344/tools/bin/../lib/gcc/arm-none-eabi/13.3.1/../../../../arm-none-eabi/lib/thumb/v7e-m+fp/hard\libc_nano.a(libc_a-nano-svfprintf.o)
                                 0x11 (size before relaxing)
 .rodata._printf_i.str1.1
                0x08007ccb       0x22 D:/STM32/STM32CubeIDE_1.16.0/STM32CubeIDE/plugins/com.st.stm32cube.ide.mcu.externaltools.gnu-tools-for-stm32.13.3.rel1.win32_1.0.0.202411081344/tools/bin/../lib/gcc/arm-none-eabi/13.3.1/../../../../arm-none-eabi/lib/thumb/v7e-m+fp/hard\libc_nano.a(libc_a-nano-vfprintf_i.o)
                0x08007cf0                        . = ALIGN (0x4)
 *fill*         0x08007ccb        0x1 

.ARM.extab      0x08007ccc        0x0
                0x08007ccc                        . = ALIGN (0x4)
 *(.ARM.extab* .gnu.linkonce.armextab.*)
                0x08007ccc                        . = ALIGN (0x4)

.ARM            0x08007ccc        0x8
                0x08007ccc                        . = ALIGN (0x4)
                0x08007ccc                        __exidx_start = .
 *(.ARM.exidx*)
 .ARM.exidx     0x08007ccc        0x8 D:/STM32/STM32CubeIDE_1.16.0/STM32CubeIDE/plugins/com.st.stm32cube.ide.mcu.externaltools.gnu-tools-for-stm32.13.3.rel1.win32_1.0.0.202411081344/tools/bin/../lib/gcc/arm-none-eabi/13.3.1/../../../../arm-none-eabi/lib/thumb/v7e-m+fp/hard\libc_nano.a(libc_a-strlen.o)
 .ARM.exidx     0x08007cd4        0x0 D:/STM32/STM32CubeIDE_1.16.0/STM32CubeIDE/plugins/com.st.stm32cube.ide.mcu.externaltools.gnu-tools-for-stm32.13.3.rel1.win32_1.0.0.202411081344/tools/bin/../lib/gcc/arm-none-eabi/13.3.1/../../../../arm-none-eabi/lib/thumb/v7e-m+fp/hard\libc_nano.a(libc_a-memchr.o)
                                  0x8 (size before relaxing)
 .ARM.exidx     0x08007cd4        0x0 D:/STM32/STM32CubeIDE_1.16.0/STM32CubeIDE/plugins/com.st.stm32cube.ide.mcu.externaltools.gnu-tools-for-stm32.13.3.rel1.win32_1.0.0.202411081344/tools/bin/../lib/gcc/arm-none-eabi/13.3.1/thumb/v7e-m+fp/hard\libgcc.a(_udivmoddi4.o)
                                  0x8 (size before relaxing)
                0x08007cd4                        __exidx_end = .
                0x08007cd4                        . = ALIGN (0x4)

.preinit_array  0x08007cd4        0x0
                0x08007cd4                        . = ALIGN (0x4)
                0x08007cd4                        PROVIDE (__preinit_array_start = .)
 *(.preinit_array*)
                0x08007cd4                        PROVIDE (__preinit_array_end = .)
                0x08007cd4                        . = ALIGN (0x4)

.init_array     0x08007cd4        0x4
                0x08007cd4                        . = ALIGN (0x4)
                0x08007cd4                        PROVIDE (__init_array_start = .)
 *(SORT_BY_NAME(.init_array.*))
 *(.init_array*)
 .init_array    0x08007cd4        0x4 D:/STM32/STM32CubeIDE_1.16.0/STM32CubeIDE/plugins/com.st.stm32cube.ide.mcu.externaltools.gnu-tools-for-stm32.13.3.rel1.win32_1.0.0.202411081344/tools/bin/../lib/gcc/arm-none-eabi/13.3.1/thumb/v7e-m+fp/hard/crtbegin.o
                0x08007cd8                        PROVIDE (__init_array_end = .)
                0x08007cd8                        . = ALIGN (0x4)

.fini_array     0x08007cd8        0x4
                0x08007cd8                        . = ALIGN (0x4)
                [!provide]                        PROVIDE (__fini_array_start = .)
 *(SORT_BY_NAME(.fini_array.*))
 *(.fini_array*)
 .fini_array    0x08007cd8        0x4 D:/STM32/STM32CubeIDE_1.16.0/STM32CubeIDE/plugins/com.st.stm32cube.ide.mcu.externaltools.gnu-tools-for-stm32.13.3.rel1.win32_1.0.0.202411081344/tools/bin/../lib/gcc/arm-none-eabi/13.3.1/thumb/v7e-m+fp/hard/crtbegin.o
                [!provide]                        PROVIDE (__fini_array_end = .)
                0x08007cdc                        . = ALIGN (0x4)
                0x08007cdc                        _sidata = LOADADDR (.data)

.rel.dyn        0x08007cdc        0x0
 .rel.iplt      0x08007cdc        0x0 D:/STM32/STM32CubeIDE_1.16.0/STM32CubeIDE/plugins/com.st.stm32cube.ide.mcu.externaltools.gnu-tools-for-stm32.13.3.rel1.win32_1.0.0.202411081344/tools/bin/../lib/gcc/arm-none-eabi/13.3.1/thumb/v7e-m+fp/hard/crtbegin.o

.data           0x20000000       0x70 load address 0x08007cdc
                0x20000000                        . = ALIGN (0x4)
                0x20000000                        _sdata = .
 *(.data)
 *(.data*)
 .data.SystemCoreClock
                0x20000000        0x4 ./Core/Src/system_stm32l4xx.o
                0x20000000                SystemCoreClock
 .data.uwTickPrio
                0x20000004        0x4 ./Drivers/STM32L4xx_HAL_Driver/Src/stm32l4xx_hal.o
                0x20000004                uwTickPrio
 .data.uwTickFreq
                0x20000008        0x1 ./Drivers/STM32L4xx_HAL_Driver/Src/stm32l4xx_hal.o
                0x20000008                uwTickFreq
 .data.Stat     0x20000009        0x1 ./FATFS/Target/user_diskio.o
 *fill*         0x2000000a        0x2 
 .data.USER_Driver
                0x2000000c       0x14 ./FATFS/Target/user_diskio.o
                0x2000000c                USER_Driver
 .data._impure_ptr
                0x20000020        0x4 D:/STM32/STM32CubeIDE_1.16.0/STM32CubeIDE/plugins/com.st.stm32cube.ide.mcu.externaltools.gnu-tools-for-stm32.13.3.rel1.win32_1.0.0.202411081344/tools/bin/../lib/gcc/arm-none-eabi/13.3.1/../../../../arm-none-eabi/lib/thumb/v7e-m+fp/hard\libc_nano.a(libc_a-impure.o)
                0x20000020                _impure_ptr
 .data._impure_data
                0x20000024       0x4c D:/STM32/STM32CubeIDE_1.16.0/STM32CubeIDE/plugins/com.st.stm32cube.ide.mcu.externaltools.gnu-tools-for-stm32.13.3.rel1.win32_1.0.0.202411081344/tools/bin/../lib/gcc/arm-none-eabi/13.3.1/../../../../arm-none-eabi/lib/thumb/v7e-m+fp/hard\libc_nano.a(libc_a-impure.o)
                0x20000024                _impure_data
 *(.RamFunc)
 *(.RamFunc*)
                0x20000070                        . = ALIGN (0x4)
                0x20000070                        _edata = .

.igot.plt       0x20000070        0x0 load address 0x08007d4c
 .igot.plt      0x20000070        0x0 D:/STM32/STM32CubeIDE_1.16.0/STM32CubeIDE/plugins/com.st.stm32cube.ide.mcu.externaltools.gnu-tools-for-stm32.13.3.rel1.win32_1.0.0.202411081344/tools/bin/../lib/gcc/arm-none-eabi/13.3.1/thumb/v7e-m+fp/hard/crtbegin.o
                0x20000070                        . = ALIGN (0x4)

.bss            0x20000070      0x2e8 load address 0x08007d4c
                0x20000070                        _sbss = .
                0x20000070                        __bss_start__ = _sbss
 *(.bss)
 .bss           0x20000070       0x1c D:/STM32/STM32CubeIDE_1.16.0/STM32CubeIDE/plugins/com.st.stm32cube.ide.mcu.externaltools.gnu-tools-for-stm32.13.3.rel1.win32_1.0.0.202411081344/tools/bin/../lib/gcc/arm-none-eabi/13.3.1/thumb/v7e-m+fp/hard/crtbegin.o
 *(.bss*)
 .bss.hi2c1     0x2000008c       0x54 ./Core/Src/main.o
                0x2000008c                hi2c1
 .bss.hspi1     0x200000e0       0x64 ./Core/Src/main.o
                0x200000e0                hspi1
 .bss.huart2    0x20000144       0x88 ./Core/Src/main.o
                0x20000144                huart2
 .bss.__sbrk_heap_end
                0x200001cc        0x4 ./Core/Src/sysmem.o
 .bss.uwTick    0x200001d0        0x4 ./Drivers/STM32L4xx_HAL_Driver/Src/stm32l4xx_hal.o
                0x200001d0                uwTick
 .bss.retUSER   0x200001d4        0x1 ./FATFS/App/fatfs.o
                0x200001d4                retUSER
 *fill*         0x200001d5        0x3 
 .bss.USERPath  0x200001d8        0x4 ./FATFS/App/fatfs.o
                0x200001d8                USERPath
 .bss.FatFs     0x200001dc        0x4 ./Middlewares/Third_Party/FatFs/src/ff.o
 .bss.Fsid      0x200001e0        0x2 ./Middlewares/Third_Party/FatFs/src/ff.o
 *fill*         0x200001e2        0x2 
 .bss.Files     0x200001e4       0x20 ./Middlewares/Third_Party/FatFs/src/ff.o
 .bss.disk      0x20000204        0xc ./Middlewares/Third_Party/FatFs/src/ff_gen_drv.o
                0x20000204                disk
 .bss.__sf      0x20000210      0x138 D:/STM32/STM32CubeIDE_1.16.0/STM32CubeIDE/plugins/com.st.stm32cube.ide.mcu.externaltools.gnu-tools-for-stm32.13.3.rel1.win32_1.0.0.202411081344/tools/bin/../lib/gcc/arm-none-eabi/13.3.1/../../../../arm-none-eabi/lib/thumb/v7e-m+fp/hard\libc_nano.a(libc_a-findfp.o)
                0x20000210                __sf
 .bss.errno     0x20000348        0x4 D:/STM32/STM32CubeIDE_1.16.0/STM32CubeIDE/plugins/com.st.stm32cube.ide.mcu.externaltools.gnu-tools-for-stm32.13.3.rel1.win32_1.0.0.202411081344/tools/bin/../lib/gcc/arm-none-eabi/13.3.1/../../../../arm-none-eabi/lib/thumb/v7e-m+fp/hard\libc_nano.a(libc_a-reent.o)
                0x20000348                errno
 .bss.__lock___malloc_recursive_mutex
                0x2000034c        0x1 D:/STM32/STM32CubeIDE_1.16.0/STM32CubeIDE/plugins/com.st.stm32cube.ide.mcu.externaltools.gnu-tools-for-stm32.13.3.rel1.win32_1.0.0.202411081344/tools/bin/../lib/gcc/arm-none-eabi/13.3.1/../../../../arm-none-eabi/lib/thumb/v7e-m+fp/hard\libc_nano.a(libc_a-lock.o)
                0x2000034c                __lock___malloc_recursive_mutex
 *fill*         0x2000034d        0x3 
 .bss.__malloc_sbrk_start
                0x20000350        0x4 D:/STM32/STM32CubeIDE_1.16.0/STM32CubeIDE/plugins/com.st.stm32cube.ide.mcu.externaltools.gnu-tools-for-stm32.13.3.rel1.win32_1.0.0.202411081344/tools/bin/../lib/gcc/arm-none-eabi/13.3.1/../../../../arm-none-eabi/lib/thumb/v7e-m+fp/hard\libc_nano.a(libc_a-mallocr.o)
                0x20000350                __malloc_sbrk_start
 .bss.__malloc_free_list
                0x20000354        0x4 D:/STM32/STM32CubeIDE_1.16.0/STM32CubeIDE/plugins/com.st.stm32cube.ide.mcu.externaltools.gnu-tools-for-stm32.13.3.rel1.win32_1.0.0.202411081344/tools/bin/../lib/gcc/arm-none-eabi/13.3.1/../../../../arm-none-eabi/lib/thumb/v7e-m+fp/hard\libc_nano.a(libc_a-mallocr.o)
                0x20000354                __malloc_free_list
 *(COMMON)
                0x20000358                        . = ALIGN (0x4)
                0x20000358                        _ebss = .
                0x20000358                        __bss_end__ = _ebss

._user_heap_stack
                0x20000358      0x600 load address 0x08007d4c
                0x20000358                        . = ALIGN (0x8)
                [!provide]                        PROVIDE (end = .)
                0x20000358                        PROVIDE (_end = .)
                0x20000558                        . = (. + _Min_Heap_Size)
 *fill*         0x20000358      0x200 
                0x20000958                        . = (. + _Min_Stack_Size)
 *fill*         0x20000558      0x400 
                0x20000958                        . = ALIGN (0x8)

/DISCARD/
 libc.a(*)
 libm.a(*)
 libgcc.a(*)

.ARM.attributes
                0x00000000       0x30
 *(.ARM.attributes)
 .ARM.attributes
                0x00000000       0x22 D:/STM32/STM32CubeIDE_1.16.0/STM32CubeIDE/plugins/com.st.stm32cube.ide.mcu.externaltools.gnu-tools-for-stm32.13.3.rel1.win32_1.0.0.202411081344/tools/bin/../lib/gcc/arm-none-eabi/13.3.1/thumb/v7e-m+fp/hard/crti.o
 .ARM.attributes
                0x00000022       0x34 D:/STM32/STM32CubeIDE_1.16.0/STM32CubeIDE/plugins/com.st.stm32cube.ide.mcu.externaltools.gnu-tools-for-stm32.13.3.rel1.win32_1.0.0.202411081344/tools/bin/../lib/gcc/arm-none-eabi/13.3.1/thumb/v7e-m+fp/hard/crtbegin.o
 .ARM.attributes
                0x00000056       0x34 ./Core/Src/main.o
 .ARM.attributes
                0x0000008a       0x34 ./Core/Src/sdcard.o
 .ARM.attributes
                0x000000be       0x34 ./Core/Src/stm32l4xx_hal_msp.o
 .ARM.attributes
                0x000000f2       0x34 ./Core/Src/stm32l4xx_it.o
 .ARM.attributes
                0x00000126       0x34 ./Core/Src/sysmem.o
 .ARM.attributes
                0x0000015a       0x34 ./Core/Src/system_stm32l4xx.o
 .ARM.attributes
                0x0000018e       0x21 ./Core/Startup/startup_stm32l412kbux.o
 .ARM.attributes
                0x000001af       0x34 ./Drivers/STM32L4xx_HAL_Driver/Src/stm32l4xx_hal.o
 .ARM.attributes
                0x000001e3       0x34 ./Drivers/STM32L4xx_HAL_Driver/Src/stm32l4xx_hal_cortex.o
 .ARM.attributes
                0x00000217       0x34 ./Drivers/STM32L4xx_HAL_Driver/Src/stm32l4xx_hal_gpio.o
 .ARM.attributes
                0x0000024b       0x34 ./Drivers/STM32L4xx_HAL_Driver/Src/stm32l4xx_hal_i2c.o
 .ARM.attributes
                0x0000027f       0x34 ./Drivers/STM32L4xx_HAL_Driver/Src/stm32l4xx_hal_i2c_ex.o
 .ARM.attributes
                0x000002b3       0x34 ./Drivers/STM32L4xx_HAL_Driver/Src/stm32l4xx_hal_pwr.o
 .ARM.attributes
                0x000002e7       0x34 ./Drivers/STM32L4xx_HAL_Driver/Src/stm32l4xx_hal_pwr_ex.o
 .ARM.attributes
                0x0000031b       0x34 ./Drivers/STM32L4xx_HAL_Driver/Src/stm32l4xx_hal_rcc.o
 .ARM.attributes
                0x0000034f       0x34 ./Drivers/STM32L4xx_HAL_Driver/Src/stm32l4xx_hal_rcc_ex.o
 .ARM.attributes
                0x00000383       0x34 ./Drivers/STM32L4xx_HAL_Driver/Src/stm32l4xx_hal_spi.o
 .ARM.attributes
                0x000003b7       0x34 ./Drivers/STM32L4xx_HAL_Driver/Src/stm32l4xx_hal_uart.o
 .ARM.attributes
                0x000003eb       0x34 ./FATFS/App/fatfs.o
 .ARM.attributes
                0x0000041f       0x34 ./FATFS/Target/user_diskio.o
 .ARM.attributes
                0x00000453       0x34 ./Middlewares/Third_Party/FatFs/src/diskio.o
 .ARM.attributes
                0x00000487       0x34 ./Middlewares/Third_Party/FatFs/src/ff.o
 .ARM.attributes
                0x000004bb       0x34 ./Middlewares/Third_Party/FatFs/src/ff_gen_drv.o
 .ARM.attributes
                0x000004ef       0x34 D:/STM32/STM32CubeIDE_1.16.0/STM32CubeIDE/plugins/com.st.stm32cube.ide.mcu.externaltools.gnu-tools-for-stm32.13.3.rel1.win32_1.0.0.202411081344/tools/bin/../lib/gcc/arm-none-eabi/13.3.1/../../../../arm-none-eabi/lib/thumb/v7e-m+fp/hard\libc_nano.a(libc_a-findfp.o)
 .ARM.attributes
                0x00000523       0x34 D:/STM32/STM32CubeIDE_1.16.0/STM32CubeIDE/plugins/com.st.stm32cube.ide.mcu.externaltools.gnu-tools-for-stm32.13.3.rel1.win32_1.0.0.202411081344/tools/bin/../lib/gcc/arm-none-eabi/13.3.1/../../../../arm-none-eabi/lib/thumb/v7e-m+fp/hard\libc_nano.a(libc_a-snprintf.o)
 .ARM.attributes
                0x00000557       0x34 D:/STM32/STM32CubeIDE_1.16.0/STM32CubeIDE/plugins/com.st.stm32cube.ide.mcu.externaltools.gnu-tools-for-stm32.13.3.rel1.win32_1.0.0.202411081344/tools/bin/../lib/gcc/arm-none-eabi/13.3.1/../../../../arm-none-eabi/lib/thumb/v7e-m+fp/hard\libc_nano.a(libc_a-vsnprintf.o)
 .ARM.attributes
                0x0000058b       0x34 D:/STM32/STM32CubeIDE_1.16.0/STM32CubeIDE/plugins/com.st.stm32cube.ide.mcu.externaltools.gnu-tools-for-stm32.13.3.rel1.win32_1.0.0.202411081344/tools/bin/../lib/gcc/arm-none-eabi/13.3.1/../../../../arm-none-eabi/lib/thumb/v7e-m+fp/hard\libc_nano.a(libc_a-memset.o)
 .ARM.attributes
                0x000005bf       0x34 D:/STM32/STM32CubeIDE_1.16.0/STM32CubeIDE/plugins/com.st.stm32cube.ide.mcu.externaltools.gnu-tools-for-stm32.13.3.rel1.win32_1.0.0.202411081344/tools/bin/../lib/gcc/arm-none-eabi/13.3.1/../../../../arm-none-eabi/lib/thumb/v7e-m+fp/hard\libc_nano.a(libc_a-reent.o)
 .ARM.attributes
                0x000005f3       0x34 D:/STM32/STM32CubeIDE_1.16.0/STM32CubeIDE/plugins/com.st.stm32cube.ide.mcu.externaltools.gnu-tools-for-stm32.13.3.rel1.win32_1.0.0.202411081344/tools/bin/../lib/gcc/arm-none-eabi/13.3.1/../../../../arm-none-eabi/lib/thumb/v7e-m+fp/hard\libc_nano.a(libc_a-impure.o)
 .ARM.attributes
                0x00000627       0x34 D:/STM32/STM32CubeIDE_1.16.0/STM32CubeIDE/plugins/com.st.stm32cube.ide.mcu.externaltools.gnu-tools-for-stm32.13.3.rel1.win32_1.0.0.202411081344/tools/bin/../lib/gcc/arm-none-eabi/13.3.1/../../../../arm-none-eabi/lib/thumb/v7e-m+fp/hard\libc_nano.a(libc_a-errno.o)
 .ARM.attributes
                0x0000065b       0x34 D:/STM32/STM32CubeIDE_1.16.0/STM32CubeIDE/plugins/com.st.stm32cube.ide.mcu.externaltools.gnu-tools-for-stm32.13.3.rel1.win32_1.0.0.202411081344/tools/bin/../lib/gcc/arm-none-eabi/13.3.1/../../../../arm-none-eabi/lib/thumb/v7e-m+fp/hard\libc_nano.a(libc_a-init.o)
 .ARM.attributes
                0x0000068f       0x34 D:/STM32/STM32CubeIDE_1.16.0/STM32CubeIDE/plugins/com.st.stm32cube.ide.mcu.externaltools.gnu-tools-for-stm32.13.3.rel1.win32_1.0.0.202411081344/tools/bin/../lib/gcc/arm-none-eabi/13.3.1/../../../../arm-none-eabi/lib/thumb/v7e-m+fp/hard\libc_nano.a(libc_a-lock.o)
 .ARM.attributes
                0x000006c3       0x17 D:/STM32/STM32CubeIDE_1.16.0/STM32CubeIDE/plugins/com.st.stm32cube.ide.mcu.externaltools.gnu-tools-for-stm32.13.3.rel1.win32_1.0.0.202411081344/tools/bin/../lib/gcc/arm-none-eabi/13.3.1/../../../../arm-none-eabi/lib/thumb/v7e-m+fp/hard\libc_nano.a(libc_a-strlen.o)
 .ARM.attributes
                0x000006da       0x34 D:/STM32/STM32CubeIDE_1.16.0/STM32CubeIDE/plugins/com.st.stm32cube.ide.mcu.externaltools.gnu-tools-for-stm32.13.3.rel1.win32_1.0.0.202411081344/tools/bin/../lib/gcc/arm-none-eabi/13.3.1/../../../../arm-none-eabi/lib/thumb/v7e-m+fp/hard\libc_nano.a(libc_a-freer.o)
 .ARM.attributes
                0x0000070e       0x34 D:/STM32/STM32CubeIDE_1.16.0/STM32CubeIDE/plugins/com.st.stm32cube.ide.mcu.externaltools.gnu-tools-for-stm32.13.3.rel1.win32_1.0.0.202411081344/tools/bin/../lib/gcc/arm-none-eabi/13.3.1/../../../../arm-none-eabi/lib/thumb/v7e-m+fp/hard\libc_nano.a(libc_a-mallocr.o)
 .ARM.attributes
                0x00000742       0x34 D:/STM32/STM32CubeIDE_1.16.0/STM32CubeIDE/plugins/com.st.stm32cube.ide.mcu.externaltools.gnu-tools-for-stm32.13.3.rel1.win32_1.0.0.202411081344/tools/bin/../lib/gcc/arm-none-eabi/13.3.1/../../../../arm-none-eabi/lib/thumb/v7e-m+fp/hard\libc_nano.a(libc_a-mlock.o)
 .ARM.attributes
                0x00000776       0x34 D:/STM32/STM32CubeIDE_1.16.0/STM32CubeIDE/plugins/com.st.stm32cube.ide.mcu.externaltools.gnu-tools-for-stm32.13.3.rel1.win32_1.0.0.202411081344/tools/bin/../lib/gcc/arm-none-eabi/13.3.1/../../../../arm-none-eabi/lib/thumb/v7e-m+fp/hard\libc_nano.a(libc_a-nano-svfprintf.o)
 .ARM.attributes
                0x000007aa       0x34 D:/STM32/STM32CubeIDE_1.16.0/STM32CubeIDE/plugins/com.st.stm32cube.ide.mcu.externaltools.gnu-tools-for-stm32.13.3.rel1.win32_1.0.0.202411081344/tools/bin/../lib/gcc/arm-none-eabi/13.3.1/../../../../arm-none-eabi/lib/thumb/v7e-m+fp/hard\libc_nano.a(libc_a-nano-vfprintf_i.o)
 .ARM.attributes
                0x000007de       0x34 D:/STM32/STM32CubeIDE_1.16.0/STM32CubeIDE/plugins/com.st.stm32cube.ide.mcu.externaltools.gnu-tools-for-stm32.13.3.rel1.win32_1.0.0.202411081344/tools/bin/../lib/gcc/arm-none-eabi/13.3.1/../../../../arm-none-eabi/lib/thumb/v7e-m+fp/hard\libc_nano.a(libc_a-memmove.o)
 .ARM.attributes
                0x00000812       0x34 D:/STM32/STM32CubeIDE_1.16.0/STM32CubeIDE/plugins/com.st.stm32cube.ide.mcu.externaltools.gnu-tools-for-stm32.13.3.rel1.win32_1.0.0.202411081344/tools/bin/../lib/gcc/arm-none-eabi/13.3.1/../../../../arm-none-eabi/lib/thumb/v7e-m+fp/hard\libc_nano.a(libc_a-sbrkr.o)
 .ARM.attributes
                0x00000846       0x1c D:/STM32/STM32CubeIDE_1.16.0/STM32CubeIDE/plugins/com.st.stm32cube.ide.mcu.externaltools.gnu-tools-for-stm32.13.3.rel1.win32_1.0.0.202411081344/tools/bin/../lib/gcc/arm-none-eabi/13.3.1/../../../../arm-none-eabi/lib/thumb/v7e-m+fp/hard\libc_nano.a(libc_a-memchr.o)
 .ARM.attributes
                0x00000862       0x34 D:/STM32/STM32CubeIDE_1.16.0/STM32CubeIDE/plugins/com.st.stm32cube.ide.mcu.externaltools.gnu-tools-for-stm32.13.3.rel1.win32_1.0.0.202411081344/tools/bin/../lib/gcc/arm-none-eabi/13.3.1/../../../../arm-none-eabi/lib/thumb/v7e-m+fp/hard\libc_nano.a(libc_a-memcpy-stub.o)
 .ARM.attributes
                0x00000896       0x34 D:/STM32/STM32CubeIDE_1.16.0/STM32CubeIDE/plugins/com.st.stm32cube.ide.mcu.externaltools.gnu-tools-for-stm32.13.3.rel1.win32_1.0.0.202411081344/tools/bin/../lib/gcc/arm-none-eabi/13.3.1/../../../../arm-none-eabi/lib/thumb/v7e-m+fp/hard\libc_nano.a(libc_a-reallocr.o)
 .ARM.attributes
                0x000008ca       0x34 D:/STM32/STM32CubeIDE_1.16.0/STM32CubeIDE/plugins/com.st.stm32cube.ide.mcu.externaltools.gnu-tools-for-stm32.13.3.rel1.win32_1.0.0.202411081344/tools/bin/../lib/gcc/arm-none-eabi/13.3.1/../../../../arm-none-eabi/lib/thumb/v7e-m+fp/hard\libc_nano.a(libc_a-msizer.o)
 .ARM.attributes
                0x000008fe       0x22 D:/STM32/STM32CubeIDE_1.16.0/STM32CubeIDE/plugins/com.st.stm32cube.ide.mcu.externaltools.gnu-tools-for-stm32.13.3.rel1.win32_1.0.0.202411081344/tools/bin/../lib/gcc/arm-none-eabi/13.3.1/thumb/v7e-m+fp/hard\libgcc.a(_aeabi_uldivmod.o)
 .ARM.attributes
                0x00000920       0x34 D:/STM32/STM32CubeIDE_1.16.0/STM32CubeIDE/plugins/com.st.stm32cube.ide.mcu.externaltools.gnu-tools-for-stm32.13.3.rel1.win32_1.0.0.202411081344/tools/bin/../lib/gcc/arm-none-eabi/13.3.1/thumb/v7e-m+fp/hard\libgcc.a(_udivmoddi4.o)
 .ARM.attributes
                0x00000954       0x22 D:/STM32/STM32CubeIDE_1.16.0/STM32CubeIDE/plugins/com.st.stm32cube.ide.mcu.externaltools.gnu-tools-for-stm32.13.3.rel1.win32_1.0.0.202411081344/tools/bin/../lib/gcc/arm-none-eabi/13.3.1/thumb/v7e-m+fp/hard\libgcc.a(_dvmd_tls.o)
 .ARM.attributes
                0x00000976       0x22 D:/STM32/STM32CubeIDE_1.16.0/STM32CubeIDE/plugins/com.st.stm32cube.ide.mcu.externaltools.gnu-tools-for-stm32.13.3.rel1.win32_1.0.0.202411081344/tools/bin/../lib/gcc/arm-none-eabi/13.3.1/thumb/v7e-m+fp/hard/crtn.o
OUTPUT(PowerDistributionBoard.elf elf32-littlearm)
LOAD linker stubs
LOAD D:/STM32/STM32CubeIDE_1.16.0/STM32CubeIDE/plugins/com.st.stm32cube.ide.mcu.externaltools.gnu-tools-for-stm32.13.3.rel1.win32_1.0.0.202411081344/tools/bin/../lib/gcc/arm-none-eabi/13.3.1/../../../../arm-none-eabi/lib/thumb/v7e-m+fp/hard\libc.a
LOAD D:/STM32/STM32CubeIDE_1.16.0/STM32CubeIDE/plugins/com.st.stm32cube.ide.mcu.externaltools.gnu-tools-for-stm32.13.3.rel1.win32_1.0.0.202411081344/tools/bin/../lib/gcc/arm-none-eabi/13.3.1/../../../../arm-none-eabi/lib/thumb/v7e-m+fp/hard\libm.a
LOAD D:/STM32/STM32CubeIDE_1.16.0/STM32CubeIDE/plugins/com.st.stm32cube.ide.mcu.externaltools.gnu-tools-for-stm32.13.3.rel1.win32_1.0.0.202411081344/tools/bin/../lib/gcc/arm-none-eabi/13.3.1/thumb/v7e-m+fp/hard\libgcc.a

.debug_info     0x00000000    0x13665
 .debug_info    0x00000000     0x1a15 ./Core/Src/main.o
 .debug_info    0x00001a15      0xc35 ./Core/Src/sdcard.o
 .debug_info    0x0000264a     0x1244 ./Core/Src/stm32l4xx_hal_msp.o
 .debug_info    0x0000388e      0x113 ./Core/Src/stm32l4xx_it.o
 .debug_info    0x000039a1      0x168 ./Core/Src/sysmem.o
 .debug_info    0x00003b09      0x5bf ./Core/Src/system_stm32l4xx.o
 .debug_info    0x000040c8       0x30 ./Core/Startup/startup_stm32l412kbux.o
 .debug_info    0x000040f8      0x984 ./Drivers/STM32L4xx_HAL_Driver/Src/stm32l4xx_hal.o
 .debug_info    0x00004a7c      0xceb ./Drivers/STM32L4xx_HAL_Driver/Src/stm32l4xx_hal_cortex.o
 .debug_info    0x00005767      0x757 ./Drivers/STM32L4xx_HAL_Driver/Src/stm32l4xx_hal_gpio.o
 .debug_info    0x00005ebe     0x20d2 ./Drivers/STM32L4xx_HAL_Driver/Src/stm32l4xx_hal_i2c.o
 .debug_info    0x00007f90      0x981 ./Drivers/STM32L4xx_HAL_Driver/Src/stm32l4xx_hal_i2c_ex.o
 .debug_info    0x00008911      0x92c ./Drivers/STM32L4xx_HAL_Driver/Src/stm32l4xx_hal_pwr.o
 .debug_info    0x0000923d      0x968 ./Drivers/STM32L4xx_HAL_Driver/Src/stm32l4xx_hal_pwr_ex.o
 .debug_info    0x00009ba5      0xbe0 ./Drivers/STM32L4xx_HAL_Driver/Src/stm32l4xx_hal_rcc.o
 .debug_info    0x0000a785      0xce4 ./Drivers/STM32L4xx_HAL_Driver/Src/stm32l4xx_hal_rcc_ex.o
 .debug_info    0x0000b469     0x1549 ./Drivers/STM32L4xx_HAL_Driver/Src/stm32l4xx_hal_spi.o
 .debug_info    0x0000c9b2     0x3b77 ./Drivers/STM32L4xx_HAL_Driver/Src/stm32l4xx_hal_uart.o
 .debug_info    0x00010529      0x4d9 ./FATFS/App/fatfs.o
 .debug_info    0x00010a02      0x328 ./FATFS/Target/user_diskio.o
 .debug_info    0x00010d2a      0x3df ./Middlewares/Third_Party/FatFs/src/diskio.o
 .debug_info    0x00011109     0x21dd ./Middlewares/Third_Party/FatFs/src/ff.o
 .debug_info    0x000132e6      0x37f ./Middlewares/Third_Party/FatFs/src/ff_gen_drv.o

.debug_abbrev   0x00000000     0x2cd0
 .debug_abbrev  0x00000000      0x397 ./Core/Src/main.o
 .debug_abbrev  0x00000397      0x2d2 ./Core/Src/sdcard.o
 .debug_abbrev  0x00000669      0x21b ./Core/Src/stm32l4xx_hal_msp.o
 .debug_abbrev  0x00000884       0x73 ./Core/Src/stm32l4xx_it.o
 .debug_abbrev  0x000008f7       0xbc ./Core/Src/sysmem.o
 .debug_abbrev  0x000009b3      0x11a ./Core/Src/system_stm32l4xx.o
 .debug_abbrev  0x00000acd       0x24 ./Core/Startup/startup_stm32l412kbux.o
 .debug_abbrev  0x00000af1      0x256 ./Drivers/STM32L4xx_HAL_Driver/Src/stm32l4xx_hal.o
 .debug_abbrev  0x00000d47      0x31c ./Drivers/STM32L4xx_HAL_Driver/Src/stm32l4xx_hal_cortex.o
 .debug_abbrev  0x00001063      0x1cb ./Drivers/STM32L4xx_HAL_Driver/Src/stm32l4xx_hal_gpio.o
 .debug_abbrev  0x0000122e      0x261 ./Drivers/STM32L4xx_HAL_Driver/Src/stm32l4xx_hal_i2c.o
 .debug_abbrev  0x0000148f      0x1c3 ./Drivers/STM32L4xx_HAL_Driver/Src/stm32l4xx_hal_i2c_ex.o
 .debug_abbrev  0x00001652      0x1d4 ./Drivers/STM32L4xx_HAL_Driver/Src/stm32l4xx_hal_pwr.o
 .debug_abbrev  0x00001826      0x1f9 ./Drivers/STM32L4xx_HAL_Driver/Src/stm32l4xx_hal_pwr_ex.o
 .debug_abbrev  0x00001a1f      0x2d6 ./Drivers/STM32L4xx_HAL_Driver/Src/stm32l4xx_hal_rcc.o
 .debug_abbrev  0x00001cf5      0x26d ./Drivers/STM32L4xx_HAL_Driver/Src/stm32l4xx_hal_rcc_ex.o
 .debug_abbrev  0x00001f62      0x260 ./Drivers/STM32L4xx_HAL_Driver/Src/stm32l4xx_hal_spi.o
 .debug_abbrev  0x000021c2      0x2d0 ./Drivers/STM32L4xx_HAL_Driver/Src/stm32l4xx_hal_uart.o
 .debug_abbrev  0x00002492      0x160 ./FATFS/App/fatfs.o
 .debug_abbrev  0x000025f2      0x13c ./FATFS/Target/user_diskio.o
 .debug_abbrev  0x0000272e      0x181 ./Middlewares/Third_Party/FatFs/src/diskio.o
 .debug_abbrev  0x000028af      0x282 ./Middlewares/Third_Party/FatFs/src/ff.o
 .debug_abbrev  0x00002b31      0x19f ./Middlewares/Third_Party/FatFs/src/ff_gen_drv.o

.debug_aranges  0x00000000     0x11c8
 .debug_aranges
                0x00000000       0x68 ./Core/Src/main.o
 .debug_aranges
                0x00000068       0x98 ./Core/Src/sdcard.o
 .debug_aranges
                0x00000100       0x50 ./Core/Src/stm32l4xx_hal_msp.o
 .debug_aranges
                0x00000150       0x60 ./Core/Src/stm32l4xx_it.o
 .debug_aranges
                0x000001b0       0x20 ./Core/Src/sysmem.o
 .debug_aranges
                0x000001d0       0x28 ./Core/Src/system_stm32l4xx.o
 .debug_aranges
                0x000001f8       0x28 ./Core/Startup/startup_stm32l412kbux.o
 .debug_aranges
                0x00000220      0x108 ./Drivers/STM32L4xx_HAL_Driver/Src/stm32l4xx_hal.o
 .debug_aranges
                0x00000328      0x128 ./Drivers/STM32L4xx_HAL_Driver/Src/stm32l4xx_hal_cortex.o
 .debug_aranges
                0x00000450       0x58 ./Drivers/STM32L4xx_HAL_Driver/Src/stm32l4xx_hal_gpio.o
 .debug_aranges
                0x000004a8      0x2a0 ./Drivers/STM32L4xx_HAL_Driver/Src/stm32l4xx_hal_i2c.o
 .debug_aranges
                0x00000748       0x48 ./Drivers/STM32L4xx_HAL_Driver/Src/stm32l4xx_hal_i2c_ex.o
 .debug_aranges
                0x00000790       0x98 ./Drivers/STM32L4xx_HAL_Driver/Src/stm32l4xx_hal_pwr.o
 .debug_aranges
                0x00000828      0x148 ./Drivers/STM32L4xx_HAL_Driver/Src/stm32l4xx_hal_pwr_ex.o
 .debug_aranges
                0x00000970       0x90 ./Drivers/STM32L4xx_HAL_Driver/Src/stm32l4xx_hal_rcc.o
 .debug_aranges
                0x00000a00       0xd0 ./Drivers/STM32L4xx_HAL_Driver/Src/stm32l4xx_hal_rcc_ex.o
 .debug_aranges
                0x00000ad0      0x1d8 ./Drivers/STM32L4xx_HAL_Driver/Src/stm32l4xx_hal_spi.o
 .debug_aranges
                0x00000ca8      0x228 ./Drivers/STM32L4xx_HAL_Driver/Src/stm32l4xx_hal_uart.o
 .debug_aranges
                0x00000ed0       0x28 ./FATFS/App/fatfs.o
 .debug_aranges
                0x00000ef8       0x40 ./FATFS/Target/user_diskio.o
 .debug_aranges
                0x00000f38       0x48 ./Middlewares/Third_Party/FatFs/src/diskio.o
 .debug_aranges
                0x00000f80      0x208 ./Middlewares/Third_Party/FatFs/src/ff.o
 .debug_aranges
                0x00001188       0x40 ./Middlewares/Third_Party/FatFs/src/ff_gen_drv.o

.debug_rnglists
                0x00000000      0xdc0
 .debug_rnglists
                0x00000000       0x4d ./Core/Src/main.o
 .debug_rnglists
                0x0000004d       0x72 ./Core/Src/sdcard.o
 .debug_rnglists
                0x000000bf       0x3a ./Core/Src/stm32l4xx_hal_msp.o
 .debug_rnglists
                0x000000f9       0x43 ./Core/Src/stm32l4xx_it.o
 .debug_rnglists
                0x0000013c       0x13 ./Core/Src/sysmem.o
 .debug_rnglists
                0x0000014f       0x1a ./Core/Src/system_stm32l4xx.o
 .debug_rnglists
                0x00000169       0x19 ./Core/Startup/startup_stm32l412kbux.o
 .debug_rnglists
                0x00000182       0xc1 ./Drivers/STM32L4xx_HAL_Driver/Src/stm32l4xx_hal.o
 .debug_rnglists
                0x00000243       0xda ./Drivers/STM32L4xx_HAL_Driver/Src/stm32l4xx_hal_cortex.o
 .debug_rnglists
                0x0000031d       0x3f ./Drivers/STM32L4xx_HAL_Driver/Src/stm32l4xx_hal_gpio.o
 .debug_rnglists
                0x0000035c      0x228 ./Drivers/STM32L4xx_HAL_Driver/Src/stm32l4xx_hal_i2c.o
 .debug_rnglists
                0x00000584       0x35 ./Drivers/STM32L4xx_HAL_Driver/Src/stm32l4xx_hal_i2c_ex.o
 .debug_rnglists
                0x000005b9       0x6e ./Drivers/STM32L4xx_HAL_Driver/Src/stm32l4xx_hal_pwr.o
 .debug_rnglists
                0x00000627       0xf7 ./Drivers/STM32L4xx_HAL_Driver/Src/stm32l4xx_hal_pwr_ex.o
 .debug_rnglists
                0x0000071e       0x6d ./Drivers/STM32L4xx_HAL_Driver/Src/stm32l4xx_hal_rcc.o
 .debug_rnglists
                0x0000078b       0x9f ./Drivers/STM32L4xx_HAL_Driver/Src/stm32l4xx_hal_rcc_ex.o
 .debug_rnglists
                0x0000082a      0x178 ./Drivers/STM32L4xx_HAL_Driver/Src/stm32l4xx_hal_spi.o
 .debug_rnglists
                0x000009a2      0x1db ./Drivers/STM32L4xx_HAL_Driver/Src/stm32l4xx_hal_uart.o
 .debug_rnglists
                0x00000b7d       0x19 ./FATFS/App/fatfs.o
 .debug_rnglists
                0x00000b96       0x2b ./FATFS/Target/user_diskio.o
 .debug_rnglists
                0x00000bc1       0x31 ./Middlewares/Third_Party/FatFs/src/diskio.o
 .debug_rnglists
                0x00000bf2      0x1a2 ./Middlewares/Third_Party/FatFs/src/ff.o
 .debug_rnglists
                0x00000d94       0x2c ./Middlewares/Third_Party/FatFs/src/ff_gen_drv.o

.debug_macro    0x00000000    0x1c012
 .debug_macro   0x00000000      0x36e ./Core/Src/main.o
 .debug_macro   0x0000036e      0xad8 ./Core/Src/main.o
 .debug_macro   0x00000e46      0x1ad ./Core/Src/main.o
 .debug_macro   0x00000ff3       0x2e ./Core/Src/main.o
 .debug_macro   0x00001021       0x28 ./Core/Src/main.o
 .debug_macro   0x00001049       0x22 ./Core/Src/main.o
 .debug_macro   0x0000106b       0x8e ./Core/Src/main.o
 .debug_macro   0x000010f9       0x51 ./Core/Src/main.o
 .debug_macro   0x0000114a      0x103 ./Core/Src/main.o
 .debug_macro   0x0000124d       0x6a ./Core/Src/main.o
 .debug_macro   0x000012b7      0x1df ./Core/Src/main.o
 .debug_macro   0x00001496       0x1c ./Core/Src/main.o
 .debug_macro   0x000014b2       0x22 ./Core/Src/main.o
 .debug_macro   0x000014d4       0xfb ./Core/Src/main.o
 .debug_macro   0x000015cf     0x1011 ./Core/Src/main.o
 .debug_macro   0x000025e0      0x11f ./Core/Src/main.o
 .debug_macro   0x000026ff     0xe4b1 ./Core/Src/main.o
 .debug_macro   0x00010bb0       0x6d ./Core/Src/main.o
 .debug_macro   0x00010c1d     0x38f4 ./Core/Src/main.o
 .debug_macro   0x00014511      0x190 ./Core/Src/main.o
 .debug_macro   0x000146a1       0x5c ./Core/Src/main.o
 .debug_macro   0x000146fd     0x105e ./Core/Src/main.o
 .debug_macro   0x0001575b      0x49b ./Core/Src/main.o
 .debug_macro   0x00015bf6      0x1b9 ./Core/Src/main.o
 .debug_macro   0x00015daf       0xd7 ./Core/Src/main.o
 .debug_macro   0x00015e86      0x26b ./Core/Src/main.o
 .debug_macro   0x000160f1      0x23d ./Core/Src/main.o
 .debug_macro   0x0001632e      0x21c ./Core/Src/main.o
 .debug_macro   0x0001654a      0x375 ./Core/Src/main.o
 .debug_macro   0x000168bf       0xd6 ./Core/Src/main.o
 .debug_macro   0x00016995      0x22c ./Core/Src/main.o
 .debug_macro   0x00016bc1       0x61 ./Core/Src/main.o
 .debug_macro   0x00016c22       0xa5 ./Core/Src/main.o
 .debug_macro   0x00016cc7      0x122 ./Core/Src/main.o
 .debug_macro   0x00016de9      0x364 ./Core/Src/main.o
 .debug_macro   0x0001714d      0x2fe ./Core/Src/main.o
 .debug_macro   0x0001744b      0x5cf ./Core/Src/main.o
 .debug_macro   0x00017a1a       0x44 ./Core/Src/main.o
 .debug_macro   0x00017a5e      0x220 ./Core/Src/main.o
 .debug_macro   0x00017c7e       0x40 ./Core/Src/main.o
 .debug_macro   0x00017cbe       0xeb ./Core/Src/main.o
 .debug_macro   0x00017da9       0x2a ./Core/Src/main.o
 .debug_macro   0x00017dd3       0x61 ./Core/Src/main.o
 .debug_macro   0x00017e34       0x43 ./Core/Src/main.o
 .debug_macro   0x00017e77       0x34 ./Core/Src/main.o
 .debug_macro   0x00017eab       0x16 ./Core/Src/main.o
 .debug_macro   0x00017ec1       0x3c ./Core/Src/main.o
 .debug_macro   0x00017efd      0x370 ./Core/Src/main.o
 .debug_macro   0x0001826d       0x16 ./Core/Src/main.o
 .debug_macro   0x00018283       0x4a ./Core/Src/main.o
 .debug_macro   0x000182cd       0x34 ./Core/Src/main.o
 .debug_macro   0x00018301       0x10 ./Core/Src/main.o
 .debug_macro   0x00018311       0x58 ./Core/Src/main.o
 .debug_macro   0x00018369       0x8e ./Core/Src/main.o
 .debug_macro   0x000183f7       0x1c ./Core/Src/main.o
 .debug_macro   0x00018413      0x185 ./Core/Src/main.o
 .debug_macro   0x00018598       0x16 ./Core/Src/main.o
 .debug_macro   0x000185ae       0x29 ./Core/Src/main.o
 .debug_macro   0x000185d7       0x12 ./Core/Src/main.o
 .debug_macro   0x000185e9       0xe2 ./Core/Src/main.o
 .debug_macro   0x000186cb       0x8e ./Core/Src/main.o
 .debug_macro   0x00018759       0x16 ./Core/Src/main.o
 .debug_macro   0x0001876f       0x20 ./Core/Src/main.o
 .debug_macro   0x0001878f       0x58 ./Core/Src/main.o
 .debug_macro   0x000187e7       0x1c ./Core/Src/main.o
 .debug_macro   0x00018803       0x1c ./Core/Src/main.o
 .debug_macro   0x0001881f       0x16 ./Core/Src/main.o
 .debug_macro   0x00018835      0x146 ./Core/Src/main.o
 .debug_macro   0x0001897b       0x1c ./Core/Src/main.o
 .debug_macro   0x00018997      0x206 ./Core/Src/sdcard.o
 .debug_macro   0x00018b9d       0x16 ./Core/Src/sdcard.o
 .debug_macro   0x00018bb3      0x1e8 ./Core/Src/stm32l4xx_hal_msp.o
 .debug_macro   0x00018d9b      0x1f2 ./Core/Src/stm32l4xx_it.o
 .debug_macro   0x00018f8d      0x112 ./Core/Src/sysmem.o
 .debug_macro   0x0001909f      0x23c ./Core/Src/sysmem.o
 .debug_macro   0x000192db      0x1d9 ./Core/Src/system_stm32l4xx.o
 .debug_macro   0x000194b4      0x221 ./Drivers/STM32L4xx_HAL_Driver/Src/stm32l4xx_hal.o
 .debug_macro   0x000196d5      0x1d9 ./Drivers/STM32L4xx_HAL_Driver/Src/stm32l4xx_hal_cortex.o
 .debug_macro   0x000198ae      0x1e0 ./Drivers/STM32L4xx_HAL_Driver/Src/stm32l4xx_hal_gpio.o
 .debug_macro   0x00019a8e      0x2a5 ./Drivers/STM32L4xx_HAL_Driver/Src/stm32l4xx_hal_i2c.o
 .debug_macro   0x00019d33      0x1d9 ./Drivers/STM32L4xx_HAL_Driver/Src/stm32l4xx_hal_i2c_ex.o
 .debug_macro   0x00019f0c      0x1f1 ./Drivers/STM32L4xx_HAL_Driver/Src/stm32l4xx_hal_pwr.o
 .debug_macro   0x0001a0fd      0x1fd ./Drivers/STM32L4xx_HAL_Driver/Src/stm32l4xx_hal_pwr_ex.o
 .debug_macro   0x0001a2fa      0x21b ./Drivers/STM32L4xx_HAL_Driver/Src/stm32l4xx_hal_rcc.o
 .debug_macro   0x0001a515      0x20f ./Drivers/STM32L4xx_HAL_Driver/Src/stm32l4xx_hal_rcc_ex.o
 .debug_macro   0x0001a724      0x1e1 ./Drivers/STM32L4xx_HAL_Driver/Src/stm32l4xx_hal_spi.o
 .debug_macro   0x0001a905      0x204 ./Drivers/STM32L4xx_HAL_Driver/Src/stm32l4xx_hal_uart.o
 .debug_macro   0x0001ab09      0x30d ./FATFS/App/fatfs.o
 .debug_macro   0x0001ae16       0xe5 ./FATFS/App/fatfs.o
 .debug_macro   0x0001aefb      0x32a ./FATFS/Target/user_diskio.o
 .debug_macro   0x0001b225       0x10 ./FATFS/Target/user_diskio.o
 .debug_macro   0x0001b235       0x16 ./FATFS/Target/user_diskio.o
 .debug_macro   0x0001b24b       0x7c ./FATFS/Target/user_diskio.o
 .debug_macro   0x0001b2c7       0x56 ./FATFS/Target/user_diskio.o
 .debug_macro   0x0001b31d      0x2fa ./Middlewares/Third_Party/FatFs/src/diskio.o
 .debug_macro   0x0001b617      0x701 ./Middlewares/Third_Party/FatFs/src/ff.o
 .debug_macro   0x0001bd18      0x2fa ./Middlewares/Third_Party/FatFs/src/ff_gen_drv.o

.debug_line     0x00000000    0x1809c
 .debug_line    0x00000000      0xd4b ./Core/Src/main.o
 .debug_line    0x00000d4b      0xccb ./Core/Src/sdcard.o
 .debug_line    0x00001a16      0x8aa ./Core/Src/stm32l4xx_hal_msp.o
 .debug_line    0x000022c0      0x833 ./Core/Src/stm32l4xx_it.o
 .debug_line    0x00002af3      0x597 ./Core/Src/sysmem.o
 .debug_line    0x0000308a      0x822 ./Core/Src/system_stm32l4xx.o
 .debug_line    0x000038ac       0x7a ./Core/Startup/startup_stm32l412kbux.o
 .debug_line    0x00003926      0xaef ./Drivers/STM32L4xx_HAL_Driver/Src/stm32l4xx_hal.o
 .debug_line    0x00004415      0xd25 ./Drivers/STM32L4xx_HAL_Driver/Src/stm32l4xx_hal_cortex.o
 .debug_line    0x0000513a      0xb75 ./Drivers/STM32L4xx_HAL_Driver/Src/stm32l4xx_hal_gpio.o
 .debug_line    0x00005caf     0x378b ./Drivers/STM32L4xx_HAL_Driver/Src/stm32l4xx_hal_i2c.o
 .debug_line    0x0000943a      0x8ea ./Drivers/STM32L4xx_HAL_Driver/Src/stm32l4xx_hal_i2c_ex.o
 .debug_line    0x00009d24      0x955 ./Drivers/STM32L4xx_HAL_Driver/Src/stm32l4xx_hal_pwr.o
 .debug_line    0x0000a679      0xcdd ./Drivers/STM32L4xx_HAL_Driver/Src/stm32l4xx_hal_pwr_ex.o
 .debug_line    0x0000b356     0x117e ./Drivers/STM32L4xx_HAL_Driver/Src/stm32l4xx_hal_rcc.o
 .debug_line    0x0000c4d4     0x1071 ./Drivers/STM32L4xx_HAL_Driver/Src/stm32l4xx_hal_rcc_ex.o
 .debug_line    0x0000d545     0x206a ./Drivers/STM32L4xx_HAL_Driver/Src/stm32l4xx_hal_spi.o
 .debug_line    0x0000f5af     0x2d5b ./Drivers/STM32L4xx_HAL_Driver/Src/stm32l4xx_hal_uart.o
 .debug_line    0x0001230a      0x97a ./FATFS/App/fatfs.o
 .debug_line    0x00012c84      0x9d5 ./FATFS/Target/user_diskio.o
 .debug_line    0x00013659      0x9e5 ./Middlewares/Third_Party/FatFs/src/diskio.o
 .debug_line    0x0001403e     0x365b ./Middlewares/Third_Party/FatFs/src/ff.o
 .debug_line    0x00017699      0xa03 ./Middlewares/Third_Party/FatFs/src/ff_gen_drv.o

.debug_str      0x00000000    0xa5b80
 .debug_str     0x00000000    0xa5b80 ./Core/Src/main.o
                              0xa0b78 (size before relaxing)
 .debug_str     0x000a5b80    0x9c05b ./Core/Src/sdcard.o
 .debug_str     0x000a5b80    0x9c653 ./Core/Src/stm32l4xx_hal_msp.o
 .debug_str     0x000a5b80    0x9bad1 ./Core/Src/stm32l4xx_it.o
 .debug_str     0x000a5b80     0x7787 ./Core/Src/sysmem.o
 .debug_str     0x000a5b80    0x9bb86 ./Core/Src/system_stm32l4xx.o
 .debug_str     0x000a5b80       0x89 ./Core/Startup/startup_stm32l412kbux.o
 .debug_str     0x000a5b80    0x9c4e0 ./Drivers/STM32L4xx_HAL_Driver/Src/stm32l4xx_hal.o
 .debug_str     0x000a5b80    0x9c2b5 ./Drivers/STM32L4xx_HAL_Driver/Src/stm32l4xx_hal_cortex.o
 .debug_str     0x000a5b80    0x9bcfa ./Drivers/STM32L4xx_HAL_Driver/Src/stm32l4xx_hal_gpio.o
 .debug_str     0x000a5b80    0x9cd86 ./Drivers/STM32L4xx_HAL_Driver/Src/stm32l4xx_hal_i2c.o
 .debug_str     0x000a5b80    0x9c093 ./Drivers/STM32L4xx_HAL_Driver/Src/stm32l4xx_hal_i2c_ex.o
 .debug_str     0x000a5b80    0x9bed0 ./Drivers/STM32L4xx_HAL_Driver/Src/stm32l4xx_hal_pwr.o
 .debug_str     0x000a5b80    0x9c0a2 ./Drivers/STM32L4xx_HAL_Driver/Src/stm32l4xx_hal_pwr_ex.o
 .debug_str     0x000a5b80    0x9c192 ./Drivers/STM32L4xx_HAL_Driver/Src/stm32l4xx_hal_rcc.o
 .debug_str     0x000a5b80    0x9c2d9 ./Drivers/STM32L4xx_HAL_Driver/Src/stm32l4xx_hal_rcc_ex.o
 .debug_str     0x000a5b80    0x9c3a0 ./Drivers/STM32L4xx_HAL_Driver/Src/stm32l4xx_hal_spi.o
 .debug_str     0x000a5b80    0x9c8de ./Drivers/STM32L4xx_HAL_Driver/Src/stm32l4xx_hal_uart.o
 .debug_str     0x000a5b80    0x9f484 ./FATFS/App/fatfs.o
 .debug_str     0x000a5b80    0x9f402 ./FATFS/Target/user_diskio.o
 .debug_str     0x000a5b80    0x9f393 ./Middlewares/Third_Party/FatFs/src/diskio.o
 .debug_str     0x000a5b80    0xa05f6 ./Middlewares/Third_Party/FatFs/src/ff.o
 .debug_str     0x000a5b80    0x9f3e4 ./Middlewares/Third_Party/FatFs/src/ff_gen_drv.o

.comment        0x00000000       0x43
 .comment       0x00000000       0x43 ./Core/Src/main.o
                                 0x44 (size before relaxing)
 .comment       0x00000043       0x44 ./Core/Src/sdcard.o
 .comment       0x00000043       0x44 ./Core/Src/stm32l4xx_hal_msp.o
 .comment       0x00000043       0x44 ./Core/Src/stm32l4xx_it.o
 .comment       0x00000043       0x44 ./Core/Src/sysmem.o
 .comment       0x00000043       0x44 ./Core/Src/system_stm32l4xx.o
 .comment       0x00000043       0x44 ./Drivers/STM32L4xx_HAL_Driver/Src/stm32l4xx_hal.o
 .comment       0x00000043       0x44 ./Drivers/STM32L4xx_HAL_Driver/Src/stm32l4xx_hal_cortex.o
 .comment       0x00000043       0x44 ./Drivers/STM32L4xx_HAL_Driver/Src/stm32l4xx_hal_gpio.o
 .comment       0x00000043       0x44 ./Drivers/STM32L4xx_HAL_Driver/Src/stm32l4xx_hal_i2c.o
 .comment       0x00000043       0x44 ./Drivers/STM32L4xx_HAL_Driver/Src/stm32l4xx_hal_i2c_ex.o
 .comment       0x00000043       0x44 ./Drivers/STM32L4xx_HAL_Driver/Src/stm32l4xx_hal_pwr.o
 .comment       0x00000043       0x44 ./Drivers/STM32L4xx_HAL_Driver/Src/stm32l4xx_hal_pwr_ex.o
 .comment       0x00000043       0x44 ./Drivers/STM32L4xx_HAL_Driver/Src/stm32l4xx_hal_rcc.o
 .comment       0x00000043       0x44 ./Drivers/STM32L4xx_HAL_Driver/Src/stm32l4xx_hal_rcc_ex.o
 .comment       0x00000043       0x44 ./Drivers/STM32L4xx_HAL_Driver/Src/stm32l4xx_hal_spi.o
 .comment       0x00000043       0x44 ./Drivers/STM32L4xx_HAL_Driver/Src/stm32l4xx_hal_uart.o
 .comment       0x00000043       0x44 ./FATFS/App/fatfs.o
 .comment       0x00000043       0x44 ./FATFS/Target/user_diskio.o
 .comment       0x00000043       0x44 ./Middlewares/Third_Party/FatFs/src/diskio.o
 .comment       0x00000043       0x44 ./Middlewares/Third_Party/FatFs/src/ff.o
 .comment       0x00000043       0x44 ./Middlewares/Third_Party/FatFs/src/ff_gen_drv.o

.debug_frame    0x00000000     0x4ef4
 .debug_frame   0x00000000      0x168 ./Core/Src/main.o
 .debug_frame   0x00000168      0x240 ./Core/Src/sdcard.o
 .debug_frame   0x000003a8      0x110 ./Core/Src/stm32l4xx_hal_msp.o
 .debug_frame   0x000004b8      0x104 ./Core/Src/stm32l4xx_it.o
 .debug_frame   0x000005bc       0x34 ./Core/Src/sysmem.o
 .debug_frame   0x000005f0       0x58 ./Core/Src/system_stm32l4xx.o
 .debug_frame   0x00000648      0x3dc ./Drivers/STM32L4xx_HAL_Driver/Src/stm32l4xx_hal.o
 .debug_frame   0x00000a24      0x4e8 ./Drivers/STM32L4xx_HAL_Driver/Src/stm32l4xx_hal_cortex.o
 .debug_frame   0x00000f0c      0x14c ./Drivers/STM32L4xx_HAL_Driver/Src/stm32l4xx_hal_gpio.o
 .debug_frame   0x00001058      0xc38 ./Drivers/STM32L4xx_HAL_Driver/Src/stm32l4xx_hal_i2c.o
 .debug_frame   0x00001c90      0x100 ./Drivers/STM32L4xx_HAL_Driver/Src/stm32l4xx_hal_i2c_ex.o
 .debug_frame   0x00001d90      0x230 ./Drivers/STM32L4xx_HAL_Driver/Src/stm32l4xx_hal_pwr.o
 .debug_frame   0x00001fc0      0x524 ./Drivers/STM32L4xx_HAL_Driver/Src/stm32l4xx_hal_pwr_ex.o
 .debug_frame   0x000024e4      0x21c ./Drivers/STM32L4xx_HAL_Driver/Src/stm32l4xx_hal_rcc.o
 .debug_frame   0x00002700      0x33c ./Drivers/STM32L4xx_HAL_Driver/Src/stm32l4xx_hal_rcc_ex.o
 .debug_frame   0x00002a3c      0x860 ./Drivers/STM32L4xx_HAL_Driver/Src/stm32l4xx_hal_spi.o
 .debug_frame   0x0000329c      0x9f4 ./Drivers/STM32L4xx_HAL_Driver/Src/stm32l4xx_hal_uart.o
 .debug_frame   0x00003c90       0x4c ./FATFS/App/fatfs.o
 .debug_frame   0x00003cdc       0xd8 ./FATFS/Target/user_diskio.o
 .debug_frame   0x00003db4       0xec ./Middlewares/Third_Party/FatFs/src/diskio.o
 .debug_frame   0x00003ea0      0x94c ./Middlewares/Third_Party/FatFs/src/ff.o
 .debug_frame   0x000047ec       0xc8 ./Middlewares/Third_Party/FatFs/src/ff_gen_drv.o
 .debug_frame   0x000048b4      0x144 D:/STM32/STM32CubeIDE_1.16.0/STM32CubeIDE/plugins/com.st.stm32cube.ide.mcu.externaltools.gnu-tools-for-stm32.13.3.rel1.win32_1.0.0.202411081344/tools/bin/../lib/gcc/arm-none-eabi/13.3.1/../../../../arm-none-eabi/lib/thumb/v7e-m+fp/hard\libc_nano.a(libc_a-findfp.o)
 .debug_frame   0x000049f8       0x7c D:/STM32/STM32CubeIDE_1.16.0/STM32CubeIDE/plugins/com.st.stm32cube.ide.mcu.externaltools.gnu-tools-for-stm32.13.3.rel1.win32_1.0.0.202411081344/tools/bin/../lib/gcc/arm-none-eabi/13.3.1/../../../../arm-none-eabi/lib/thumb/v7e-m+fp/hard\libc_nano.a(libc_a-snprintf.o)
 .debug_frame   0x00004a74       0x4c D:/STM32/STM32CubeIDE_1.16.0/STM32CubeIDE/plugins/com.st.stm32cube.ide.mcu.externaltools.gnu-tools-for-stm32.13.3.rel1.win32_1.0.0.202411081344/tools/bin/../lib/gcc/arm-none-eabi/13.3.1/../../../../arm-none-eabi/lib/thumb/v7e-m+fp/hard\libc_nano.a(libc_a-vsnprintf.o)
 .debug_frame   0x00004ac0       0x20 D:/STM32/STM32CubeIDE_1.16.0/STM32CubeIDE/plugins/com.st.stm32cube.ide.mcu.externaltools.gnu-tools-for-stm32.13.3.rel1.win32_1.0.0.202411081344/tools/bin/../lib/gcc/arm-none-eabi/13.3.1/../../../../arm-none-eabi/lib/thumb/v7e-m+fp/hard\libc_nano.a(libc_a-memset.o)
 .debug_frame   0x00004ae0       0x38 D:/STM32/STM32CubeIDE_1.16.0/STM32CubeIDE/plugins/com.st.stm32cube.ide.mcu.externaltools.gnu-tools-for-stm32.13.3.rel1.win32_1.0.0.202411081344/tools/bin/../lib/gcc/arm-none-eabi/13.3.1/../../../../arm-none-eabi/lib/thumb/v7e-m+fp/hard\libc_nano.a(libc_a-reent.o)
 .debug_frame   0x00004b18       0x20 D:/STM32/STM32CubeIDE_1.16.0/STM32CubeIDE/plugins/com.st.stm32cube.ide.mcu.externaltools.gnu-tools-for-stm32.13.3.rel1.win32_1.0.0.202411081344/tools/bin/../lib/gcc/arm-none-eabi/13.3.1/../../../../arm-none-eabi/lib/thumb/v7e-m+fp/hard\libc_nano.a(libc_a-errno.o)
 .debug_frame   0x00004b38       0x2c D:/STM32/STM32CubeIDE_1.16.0/STM32CubeIDE/plugins/com.st.stm32cube.ide.mcu.externaltools.gnu-tools-for-stm32.13.3.rel1.win32_1.0.0.202411081344/tools/bin/../lib/gcc/arm-none-eabi/13.3.1/../../../../arm-none-eabi/lib/thumb/v7e-m+fp/hard\libc_nano.a(libc_a-init.o)
 .debug_frame   0x00004b64       0xb0 D:/STM32/STM32CubeIDE_1.16.0/STM32CubeIDE/plugins/com.st.stm32cube.ide.mcu.externaltools.gnu-tools-for-stm32.13.3.rel1.win32_1.0.0.202411081344/tools/bin/../lib/gcc/arm-none-eabi/13.3.1/../../../../arm-none-eabi/lib/thumb/v7e-m+fp/hard\libc_nano.a(libc_a-lock.o)
 .debug_frame   0x00004c14       0x38 D:/STM32/STM32CubeIDE_1.16.0/STM32CubeIDE/plugins/com.st.stm32cube.ide.mcu.externaltools.gnu-tools-for-stm32.13.3.rel1.win32_1.0.0.202411081344/tools/bin/../lib/gcc/arm-none-eabi/13.3.1/../../../../arm-none-eabi/lib/thumb/v7e-m+fp/hard\libc_nano.a(libc_a-freer.o)
 .debug_frame   0x00004c4c       0x50 D:/STM32/STM32CubeIDE_1.16.0/STM32CubeIDE/plugins/com.st.stm32cube.ide.mcu.externaltools.gnu-tools-for-stm32.13.3.rel1.win32_1.0.0.202411081344/tools/bin/../lib/gcc/arm-none-eabi/13.3.1/../../../../arm-none-eabi/lib/thumb/v7e-m+fp/hard\libc_nano.a(libc_a-mallocr.o)
 .debug_frame   0x00004c9c       0x30 D:/STM32/STM32CubeIDE_1.16.0/STM32CubeIDE/plugins/com.st.stm32cube.ide.mcu.externaltools.gnu-tools-for-stm32.13.3.rel1.win32_1.0.0.202411081344/tools/bin/../lib/gcc/arm-none-eabi/13.3.1/../../../../arm-none-eabi/lib/thumb/v7e-m+fp/hard\libc_nano.a(libc_a-mlock.o)
 .debug_frame   0x00004ccc       0x90 D:/STM32/STM32CubeIDE_1.16.0/STM32CubeIDE/plugins/com.st.stm32cube.ide.mcu.externaltools.gnu-tools-for-stm32.13.3.rel1.win32_1.0.0.202411081344/tools/bin/../lib/gcc/arm-none-eabi/13.3.1/../../../../arm-none-eabi/lib/thumb/v7e-m+fp/hard\libc_nano.a(libc_a-nano-svfprintf.o)
 .debug_frame   0x00004d5c       0x60 D:/STM32/STM32CubeIDE_1.16.0/STM32CubeIDE/plugins/com.st.stm32cube.ide.mcu.externaltools.gnu-tools-for-stm32.13.3.rel1.win32_1.0.0.202411081344/tools/bin/../lib/gcc/arm-none-eabi/13.3.1/../../../../arm-none-eabi/lib/thumb/v7e-m+fp/hard\libc_nano.a(libc_a-nano-vfprintf_i.o)
 .debug_frame   0x00004dbc       0x28 D:/STM32/STM32CubeIDE_1.16.0/STM32CubeIDE/plugins/com.st.stm32cube.ide.mcu.externaltools.gnu-tools-for-stm32.13.3.rel1.win32_1.0.0.202411081344/tools/bin/../lib/gcc/arm-none-eabi/13.3.1/../../../../arm-none-eabi/lib/thumb/v7e-m+fp/hard\libc_nano.a(libc_a-memmove.o)
 .debug_frame   0x00004de4       0x2c D:/STM32/STM32CubeIDE_1.16.0/STM32CubeIDE/plugins/com.st.stm32cube.ide.mcu.externaltools.gnu-tools-for-stm32.13.3.rel1.win32_1.0.0.202411081344/tools/bin/../lib/gcc/arm-none-eabi/13.3.1/../../../../arm-none-eabi/lib/thumb/v7e-m+fp/hard\libc_nano.a(libc_a-sbrkr.o)
 .debug_frame   0x00004e10       0x28 D:/STM32/STM32CubeIDE_1.16.0/STM32CubeIDE/plugins/com.st.stm32cube.ide.mcu.externaltools.gnu-tools-for-stm32.13.3.rel1.win32_1.0.0.202411081344/tools/bin/../lib/gcc/arm-none-eabi/13.3.1/../../../../arm-none-eabi/lib/thumb/v7e-m+fp/hard\libc_nano.a(libc_a-memcpy-stub.o)
 .debug_frame   0x00004e38       0x3c D:/STM32/STM32CubeIDE_1.16.0/STM32CubeIDE/plugins/com.st.stm32cube.ide.mcu.externaltools.gnu-tools-for-stm32.13.3.rel1.win32_1.0.0.202411081344/tools/bin/../lib/gcc/arm-none-eabi/13.3.1/../../../../arm-none-eabi/lib/thumb/v7e-m+fp/hard\libc_nano.a(libc_a-reallocr.o)
 .debug_frame   0x00004e74       0x20 D:/STM32/STM32CubeIDE_1.16.0/STM32CubeIDE/plugins/com.st.stm32cube.ide.mcu.externaltools.gnu-tools-for-stm32.13.3.rel1.win32_1.0.0.202411081344/tools/bin/../lib/gcc/arm-none-eabi/13.3.1/../../../../arm-none-eabi/lib/thumb/v7e-m+fp/hard\libc_nano.a(libc_a-msizer.o)
 .debug_frame   0x00004e94       0x2c D:/STM32/STM32CubeIDE_1.16.0/STM32CubeIDE/plugins/com.st.stm32cube.ide.mcu.externaltools.gnu-tools-for-stm32.13.3.rel1.win32_1.0.0.202411081344/tools/bin/../lib/gcc/arm-none-eabi/13.3.1/thumb/v7e-m+fp/hard\libgcc.a(_aeabi_uldivmod.o)
 .debug_frame   0x00004ec0       0x34 D:/STM32/STM32CubeIDE_1.16.0/STM32CubeIDE/plugins/com.st.stm32cube.ide.mcu.externaltools.gnu-tools-for-stm32.13.3.rel1.win32_1.0.0.202411081344/tools/bin/../lib/gcc/arm-none-eabi/13.3.1/thumb/v7e-m+fp/hard\libgcc.a(_udivmoddi4.o)

.debug_line_str
                0x00000000       0x6d
 .debug_line_str
                0x00000000       0x6d ./Core/Startup/startup_stm32l412kbux.o